MPLINK 4.48, Linker
Linker Map File - Created Wed Apr 01 13:58:44 2015

                                 Section Info
                  Section       Type    Address   Location Size(Bytes)
                ---------  ---------  ---------  ---------  ---------
               _entry_scn       code   0x000000    program   0x000006
           .code___init.o       code   0x000006    program   0x000002
              high_vector       code   0x000008    program   0x000028
              D1KTCYXCODE       code   0x000030    program   0x000020
                   .cinit    romdata   0x000050    program   0x000086
         .code_math_fun.o       code   0x0000d6    program   0x000bc4
       .code_rtc_driver.o       code   0x000c9a    program   0x000934
     .code_digitdisplay.o       code   0x0015ce    program   0x000630
    .code_communication.o       code   0x001bfe    program   0x000406
              .code_app.o       code   0x002004    program   0x000354
             .code_uart.o       code   0x002358    program   0x00034e
            .code_timer.o       code   0x0026a6    program   0x000292
       .code_i2c_driver.o       code   0x002938    program   0x000246
 .code_externInterrupts.o       code   0x002b7e    program   0x0000d6
  .code_portBInterrupts.o       code   0x002c54    program   0x0000c0
             .code_main.o       code   0x002d14    program   0x0000c0
               _cinit_scn       code   0x002dd4    program   0x00009e
            .code_uopen.o       code   0x002e72    program   0x00008a
             .stringtable    romdata   0x002efc    program   0x00004c
         .code_fxd3232u.o       code   0x002f48    program   0x000048
           .code_t1open.o       code   0x002f90    program   0x000042
            .code_uread.o       code   0x002fd2    program   0x00003e
                     PROG       code   0x003010    program   0x00003c
           .code_pbopen.o       code   0x00304c    program   0x00003a
          .code_t1write.o       code   0x003086    program   0x000038
          .code_t0write.o       code   0x0030be    program   0x000038
           .code_t0open.o       code   0x0030f6    program   0x000038
            .code_board.o       code   0x00312e    program   0x000032
         .code_fxd1616u.o       code   0x003160    program   0x00002c
                    .code       code   0x00318c    program   0x000020
             _startup_scn       code   0x0031ac    program   0x00001c
                   STRING       code   0x0031c8    program   0x00001c
         .code_fxd0808u.o       code   0x0031e4    program   0x00001c
        .code_heartBeat.o       code   0x003200    program   0x00001a
              D10TCYXCODE       code   0x00321a    program   0x000016
               uartdata_i    romdata   0x003230    program   0x00007e
               app_data_i    romdata   0x0032ae    program   0x00000d
           DISPLAY_DATA_i    romdata   0x0032bb    program   0x00001b
               COM_DATA_i    romdata   0x0032d6    program   0x00008c
 .romdata_communication.o    romdata   0x003362    program   0x000000
         .romdata_timer.o    romdata   0x003362    program   0x000000
         .idata_timer.o_i    romdata   0x003362    program   0x000014
          .idata_uart.o_i    romdata   0x003362    program   0x000000
          .romdata_uart.o    romdata   0x003362    program   0x000000
         .romdata_uopen.o    romdata   0x003362    program   0x000000
      .romdata_fxd0808u.o    romdata   0x003362    program   0x000000
      .romdata_fxd1616u.o    romdata   0x003362    program   0x000000
      .romdata_fxd3232u.o    romdata   0x003362    program   0x000000
        .romdata_pbopen.o    romdata   0x003362    program   0x000000
        .romdata_t0open.o    romdata   0x003362    program   0x000000
        .romdata_t1open.o    romdata   0x003362    program   0x000000
         .idata_uopen.o_i    romdata   0x003362    program   0x000000
           .romdata_app.o    romdata   0x003362    program   0x000000
         .romdata_board.o    romdata   0x003362    program   0x000000
  .romdata_digitdisplay.o    romdata   0x003362    program   0x000000
.romdata_externInterrupts.o    romdata   0x003362    program   0x000000
     .romdata_heartBeat.o    romdata   0x003362    program   0x000000
    .romdata_i2c_driver.o    romdata   0x003362    program   0x000000
.romdata_interruptvector.o    romdata   0x003362    program   0x000000
         .romdata_c018i.o    romdata   0x003362    program   0x000000
        .romdata___init.o    romdata   0x003362    program   0x000000
          .romdata_main.o    romdata   0x003362    program   0x000000
       .romdata_t1write.o    romdata   0x003362    program   0x000000
    .romdata_rtc_driver.o    romdata   0x003362    program   0x000000
.romdata_portBInterrupts.o    romdata   0x003362    program   0x000000
      .romdata_math_fun.o    romdata   0x003362    program   0x000000
         .idata_uread.o_i    romdata   0x003362    program   0x000000
         .romdata_uread.o    romdata   0x003362    program   0x000000
         .idata_udefs.o_i    romdata   0x003362    program   0x000000
       .romdata_t0write.o    romdata   0x003362    program   0x000000
         .romdata_udefs.o    romdata   0x003362    program   0x000000
    .idata_rtc_driver.o_i    romdata   0x003376    program   0x000028
        .idata_t1open.o_i    romdata   0x003376    program   0x000000
       .idata_t1write.o_i    romdata   0x003376    program   0x000000
        .idata_t0open.o_i    romdata   0x003376    program   0x000000
       .idata_t0write.o_i    romdata   0x003376    program   0x000000
.idata_portBInterrupts.o_i    romdata   0x00339e    program   0x000000
        .idata_pbopen.o_i    romdata   0x00339e    program   0x000000
      .idata_math_fun.o_i    romdata   0x00339e    program   0x000000
          .idata_main.o_i    romdata   0x00339e    program   0x000009
    .idata_i2c_driver.o_i    romdata   0x0033a7    program   0x000000
     .idata_heartBeat.o_i    romdata   0x0033a7    program   0x000001
.idata_interruptvector.o_i    romdata   0x0033a7    program   0x000000
      .idata_fxd3232u.o_i    romdata   0x0033a8    program   0x000000
.idata_externInterrupts.o_i    romdata   0x0033a8    program   0x000000
      .idata_fxd1616u.o_i    romdata   0x0033a8    program   0x000000
  .idata_digitdisplay.o_i    romdata   0x0033a8    program   0x00000b
      .idata_fxd0808u.o_i    romdata   0x0033a8    program   0x000000
 .idata_communication.o_i    romdata   0x0033b3    program   0x000002
         .idata_c018i.o_i    romdata   0x0033b5    program   0x000000
         .idata_board.o_i    romdata   0x0033b5    program   0x000000
           .idata_app.o_i    romdata   0x0033b5    program   0x00001d
  .code_interruptvector.o       code   0x0033d2    program   0x000000
        .idata___init.o_i    romdata   0x0033d2    program   0x000000
            .code_udefs.o       code   0x0033d2    program   0x000000
            .code_c018i.o       code   0x0033d2    program   0x000000
    .config_300001_main.o    romdata   0x300001    program   0x000001
    .config_300002_main.o    romdata   0x300002    program   0x000001
    .config_300003_main.o    romdata   0x300003    program   0x000001
    .config_300005_main.o    romdata   0x300005    program   0x000001
    .config_300006_main.o    romdata   0x300006    program   0x000001
    .config_300008_main.o    romdata   0x300008    program   0x000001
    .config_300009_main.o    romdata   0x300009    program   0x000001
    .config_30000a_main.o    romdata   0x30000a    program   0x000001
    .config_30000b_main.o    romdata   0x30000b    program   0x000001
    .config_30000c_main.o    romdata   0x30000c    program   0x000001
    .config_30000d_main.o    romdata   0x30000d    program   0x000001
                MATH_DATA      udata   0x000000       data   0x000014
                 .tmpdata      udata   0x000014       data   0x000008
                DELAYDAT1      udata   0x00001c       data   0x000001
                   .stack      udata   0x000080       data   0x000080
                 uartdata      idata   0x000200       data   0x00007e
           .idata_timer.o      idata   0x00027e       data   0x000014
      .udata_rtc_driver.o      udata   0x000292       data   0x000010
    .idata_digitdisplay.o      idata   0x0002a2       data   0x00000b
           .udata_c018i.o      udata   0x0002ad       data   0x00000a
            .idata_main.o      idata   0x0002b7       data   0x000009
       .idata_heartBeat.o      idata   0x0002c0       data   0x000001
         .udata_t1write.o      udata   0x0002c1       data   0x000000
           .idata_c018i.o      idata   0x0002c1       data   0x000000
        .udata_fxd0808u.o      udata   0x0002c1       data   0x000000
        .idata_fxd0808u.o      idata   0x0002c1       data   0x000000
          .idata___init.o      idata   0x0002c1       data   0x000000
        .udata_fxd1616u.o      udata   0x0002c1       data   0x000000
        .idata_fxd1616u.o      idata   0x0002c1       data   0x000000
          .udata___init.o      udata   0x0002c1       data   0x000000
        .udata_fxd3232u.o      udata   0x0002c1       data   0x000000
        .idata_fxd3232u.o      idata   0x0002c1       data   0x000000
          .udata_pbopen.o      udata   0x0002c1       data   0x000000
          .idata_pbopen.o      idata   0x0002c1       data   0x000000
          .udata_t0open.o      udata   0x0002c1       data   0x000000
         .idata_t0write.o      idata   0x0002c1       data   0x000000
          .idata_t0open.o      idata   0x0002c1       data   0x000000
          .udata_t1open.o      udata   0x0002c1       data   0x000000
          .idata_t1open.o      idata   0x0002c1       data   0x000000
           .udata_uopen.o      udata   0x0002c1       data   0x000000
           .idata_uopen.o      idata   0x0002c1       data   0x000000
           .udata_uread.o      udata   0x0002c1       data   0x000000
           .idata_uread.o      idata   0x0002c1       data   0x000000
           .idata_udefs.o      idata   0x0002c1       data   0x000000
         .udata_t0write.o      udata   0x0002c1       data   0x000000
         .idata_t1write.o      idata   0x0002c1       data   0x000000
             .udata_app.o      udata   0x0002c1       data   0x000000
           .idata_board.o      idata   0x0002c1       data   0x000000
    .udata_digitdisplay.o      udata   0x0002c1       data   0x000000
.idata_externInterrupts.o      idata   0x0002c1       data   0x000000
       .udata_heartBeat.o      udata   0x0002c1       data   0x000000
      .udata_i2c_driver.o      udata   0x0002c1       data   0x000000
      .idata_i2c_driver.o      idata   0x0002c1       data   0x000000
 .udata_interruptvector.o      udata   0x0002c1       data   0x000000
 .idata_interruptvector.o      idata   0x0002c1       data   0x000000
            .udata_main.o      udata   0x0002c1       data   0x000000
        .udata_math_fun.o      udata   0x0002c1       data   0x000000
            .idata_uart.o      idata   0x0002c1       data   0x000000
            .udata_uart.o      udata   0x0002c1       data   0x000000
   .udata_communication.o      udata   0x0002c1       data   0x000000
           .udata_timer.o      udata   0x0002c1       data   0x000000
 .idata_portBInterrupts.o      idata   0x0002c1       data   0x000000
 .udata_portBInterrupts.o      udata   0x0002c1       data   0x000000
        .idata_math_fun.o      idata   0x0002c1       data   0x000000
                 app_data      idata   0x000300       data   0x00000d
            interruptData      udata   0x00030d       data   0x000002
                 COM_DATA      idata   0x00030f       data   0x00008c
      .idata_rtc_driver.o      idata   0x00039b       data   0x000028
             .idata_app.o      idata   0x0003c3       data   0x00001d
             DISPLAY_DATA      idata   0x0003e0       data   0x00001b
   .idata_communication.o      idata   0x0003fb       data   0x000002
           .udata_udefs.o      udata   0x0003fd       data   0x000001
.udata_externInterrupts.o      udata   0x0003fe       data   0x000001
           .udata_board.o      udata   0x0003ff       data   0x000001
            SFR_UNBANKED0      udata   0x000f80       data   0x000080



                              Program Memory Usage 
                               Start         End      
                           ---------   ---------      
                            0x000000    0x0033d1      
                            0x300001    0x300003      
                            0x300005    0x300006      
                            0x300008    0x30000d      
            13277 out of 33048 program addresses used, program memory utilization is 40%



                              Symbols - Sorted by Name
                     Name    Address   Location    Storage File                     
                ---------  ---------  ---------  --------- ---------                
          APP_comCallBack   0x0022a4    program     extern D:\jo\Ideonics\Repository\Clock_Temperature\source\app.c
           APP_conversion   0x0021e4    program     extern D:\jo\Ideonics\Repository\Clock_Temperature\source\app.c
     APP_handlePortBInput   0x002148    program     extern D:\jo\Ideonics\Repository\Clock_Temperature\source\app.c
                 APP_init   0x002004    program     extern D:\jo\Ideonics\Repository\Clock_Temperature\source\app.c
   APP_resetDisplayBuffer   0x002210    program     extern D:\jo\Ideonics\Repository\Clock_Temperature\source\app.c
                 APP_task   0x002010    program     extern D:\jo\Ideonics\Repository\Clock_Temperature\source\app.c
            APP_updateRTC   0x00226a    program     extern D:\jo\Ideonics\Repository\Clock_Temperature\source\app.c
                  BCD2HEX   0x000164    program     extern D:\jo\Ideonics\Repository\Clock_Temperature\source\math_fun.c
                 BCDtoBin   0x000b10    program     extern D:\jo\Ideonics\Repository\Clock_Temperature\source\math_fun.c
                 BRD_init   0x00312e    program     extern D:\jo\Ideonics\Repository\Clock_Temperature\source\board.c
                 BinToBCD   0x000b3e    program     extern D:\jo\Ideonics\Repository\Clock_Temperature\source\math_fun.c
                 COM_init   0x001bfe    program     extern D:\jo\Ideonics\Repository\Clock_Temperature\source\communication.c
                COM_reset   0x001c70    program     extern D:\jo\Ideonics\Repository\Clock_Temperature\source\communication.c
              COM_restart   0x001c34    program     extern D:\jo\Ideonics\Repository\Clock_Temperature\source\communication.c
                 COM_task   0x001c96    program     extern D:\jo\Ideonics\Repository\Clock_Temperature\source\communication.c
             COM_txBuffer   0x001faa    program     extern D:\jo\Ideonics\Repository\Clock_Temperature\source\communication.c
               COM_txData   0x001e88    program     extern D:\jo\Ideonics\Repository\Clock_Temperature\source\communication.c
                COM_txStr   0x001efc    program     extern D:\jo\Ideonics\Repository\Clock_Temperature\source\communication.c
ConvertAndDisplay16BitValue   0x000202    program     extern D:\jo\Ideonics\Repository\Clock_Temperature\source\math_fun.c
ConvertAndDisplay32BitValue   0x0005ce    program     extern D:\jo\Ideonics\Repository\Clock_Temperature\source\math_fun.c
ConvertAndDisplay8BitValue   0x000492    program     extern D:\jo\Ideonics\Repository\Clock_Temperature\source\math_fun.c
           ConvertBCD2HEX   0x0000d6    program     extern D:\jo\Ideonics\Repository\Clock_Temperature\source\math_fun.c
  ConvertHour12to24Format   0x0012c8    program     extern D:\jo\Ideonics\Repository\Clock_Temperature\source\rtc_driver.c
  ConvertTime12to24Format   0x00116e    program     extern D:\jo\Ideonics\Repository\Clock_Temperature\source\rtc_driver.c
  ConvertTime24to12Format   0x000fde    program     extern D:\jo\Ideonics\Repository\Clock_Temperature\source\rtc_driver.c
ConvertUnPackedAsciiToPacked16BitHexValue   0x000b84    program     extern D:\jo\Ideonics\Repository\Clock_Temperature\source\math_fun.c
                    D10_1   0x00322a    program     static E:\c18v3.46\pic18-lt\cxx-framework\src\traditional\delays\d10tcyx.asm
                     D10x   0x003222    program     static E:\c18v3.46\pic18-lt\cxx-framework\src\traditional\delays\d10tcyx.asm
                    D1K_1   0x00003c    program     static E:\c18v3.46\pic18-lt\cxx-framework\src\traditional\delays\d1ktcyx.asm
                     D1Kx   0x00003a    program     static E:\c18v3.46\pic18-lt\cxx-framework\src\traditional\delays\d1ktcyx.asm
              Delay10TCYx   0x00321a    program     extern E:\c18v3.46\pic18-lt\cxx-framework\src\traditional\delays\d10tcyx.asm
              Delay1KTCYx   0x000030    program     extern E:\c18v3.46\pic18-lt\cxx-framework\src\traditional\delays\d1ktcyx.asm
       DigitDisplay_DotOn   0x0019e2    program     extern D:\jo\Ideonics\Repository\Clock_Temperature\source\digitdisplay.c
    DigitDisplay_blinkOff   0x00192a    program     extern D:\jo\Ideonics\Repository\Clock_Temperature\source\digitdisplay.c
     DigitDisplay_blinkOn   0x0018f2    program     extern D:\jo\Ideonics\Repository\Clock_Temperature\source\digitdisplay.c
 DigitDisplay_blinkOn_ind   0x001b6c    program     extern D:\jo\Ideonics\Repository\Clock_Temperature\source\digitdisplay.c
       DigitDisplay_clear   0x001938    program     extern D:\jo\Ideonics\Repository\Clock_Temperature\source\digitdisplay.c
        DigitDisplay_init   0x0015ce    program     extern D:\jo\Ideonics\Repository\Clock_Temperature\source\digitdisplay.c
        DigitDisplay_task   0x0016ca    program     extern D:\jo\Ideonics\Repository\Clock_Temperature\source\digitdisplay.c
DigitDisplay_updateBuffer   0x001750    program     extern D:\jo\Ideonics\Repository\Clock_Temperature\source\digitdisplay.c
DigitDisplay_updateBufferBinary   0x00181a    program     extern D:\jo\Ideonics\Repository\Clock_Temperature\source\digitdisplay.c
DigitDisplay_updateBufferPartial   0x001a8c    program     extern D:\jo\Ideonics\Repository\Clock_Temperature\source\digitdisplay.c
 DigitDisplay_updateDigit   0x00186e    program     extern D:\jo\Ideonics\Repository\Clock_Temperature\source\digitdisplay.c
         EnableInterrupts   0x00002a    program     extern D:\jo\Ideonics\Repository\Clock_Temperature\source\interruptvector.c
                 FXD0808U   0x0031e4    program     extern E:\c18v3.46\pic18-lt\cxx-framework\src\traditional\math\fxd0808u.c
                 FXD1616U   0x003160    program     extern E:\c18v3.46\pic18-lt\cxx-framework\src\traditional\math\fxd1616u.c
                 FXD3232U   0x002f48    program     extern E:\c18v3.46\pic18-lt\cxx-framework\src\traditional\math\fxd3232u.c
                 FXM1616U   0x003010    program     extern E:\c18v3.46\pic18-lt\cxx-framework\src\traditional\math\fxm1616u.asm
               GetAppTime   0x0028d8    program     extern D:\jo\Ideonics\Repository\Clock_Temperature\source\timer.c
                  HB_init   0x003200    program     extern D:\jo\Ideonics\Repository\Clock_Temperature\source\heartBeat.c
                  HB_task   0x003206    program     extern D:\jo\Ideonics\Repository\Clock_Temperature\source\heartBeat.c
                  HEX2BCD   0x00019e    program     extern D:\jo\Ideonics\Repository\Clock_Temperature\source\math_fun.c
            InitializeI2C   0x002938    program     extern D:\jo\Ideonics\Repository\Clock_Temperature\source\i2c_driver.c
            InitializeRtc   0x001554    program     extern D:\jo\Ideonics\Repository\Clock_Temperature\source\rtc_driver.c
                  Int2Day   0x000c9a    program     extern D:\jo\Ideonics\Repository\Clock_Temperature\source\rtc_driver.c
                Int2Month   0x000cd2    program     extern D:\jo\Ideonics\Repository\Clock_Temperature\source\rtc_driver.c
                OpenPORTB   0x00304c    program     extern E:\c18v3.46\pic18-lt\cxx-framework\src\pmc_common\PORTB\pbopen.c
               OpenTimer0   0x0030f6    program     extern E:\c18v3.46\pic18-lt\cxx-framework\src\pmc_common\Timers\t0open.c
               OpenTimer1   0x002f90    program     extern E:\c18v3.46\pic18-lt\cxx-framework\src\pmc_common\Timers\t1open.c
                OpenUSART   0x002e72    program     extern E:\c18v3.46\pic18-lt\cxx-framework\src\pmc_common\USART\uopen.c
              ReadByteI2C   0x002b08    program     extern D:\jo\Ideonics\Repository\Clock_Temperature\source\i2c_driver.c
                  ReadI2C   0x002a66    program     extern D:\jo\Ideonics\Repository\Clock_Temperature\source\i2c_driver.c
       ReadRtcTimeAndDate   0x000d18    program     extern D:\jo\Ideonics\Repository\Clock_Temperature\source\rtc_driver.c
                ReadUSART   0x002fd2    program     extern E:\c18v3.46\pic18-lt\cxx-framework\src\pmc_common\USART\uread.c
             ResetAppTime   0x002928    program     extern D:\jo\Ideonics\Repository\Clock_Temperature\source\timer.c
                 ResetI2C   0x00299c    program     extern D:\jo\Ideonics\Repository\Clock_Temperature\source\i2c_driver.c
              SetHourMode   0x000f74    program     extern D:\jo\Ideonics\Repository\Clock_Temperature\source\rtc_driver.c
                 StartI2C   0x002950    program     extern D:\jo\Ideonics\Repository\Clock_Temperature\source\i2c_driver.c
                  StopI2C   0x00297c    program     extern D:\jo\Ideonics\Repository\Clock_Temperature\source\i2c_driver.c
          StoreSystemDate   0x001424    program     extern D:\jo\Ideonics\Repository\Clock_Temperature\source\rtc_driver.c
           StoreSystemDay   0x00151c    program     extern D:\jo\Ideonics\Repository\Clock_Temperature\source\rtc_driver.c
          StoreSystemTime   0x00132e    program     extern D:\jo\Ideonics\Repository\Clock_Temperature\source\rtc_driver.c
                 TMR0_ISR   0x0026a6    program     extern D:\jo\Ideonics\Repository\Clock_Temperature\source\timer.c
                TMR0_init   0x00284a    program     extern D:\jo\Ideonics\Repository\Clock_Temperature\source\timer.c
                 TMR1_ISR   0x002790    program     extern D:\jo\Ideonics\Repository\Clock_Temperature\source\timer.c
                TMR1_init   0x002890    program     extern D:\jo\Ideonics\Repository\Clock_Temperature\source\timer.c
             UART_hasData   0x00261c    program     extern D:\jo\Ideonics\Repository\Clock_Temperature\source\uart.c
                UART_init   0x00249a    program     extern D:\jo\Ideonics\Repository\Clock_Temperature\source\uart.c
                UART_read   0x002656    program     extern D:\jo\Ideonics\Repository\Clock_Temperature\source\uart.c
            UART_transmit   0x00259a    program     extern D:\jo\Ideonics\Repository\Clock_Temperature\source\uart.c
               UART_write   0x002562    program     extern D:\jo\Ideonics\Repository\Clock_Temperature\source\uart.c
       UartReceiveHandler   0x002358    program     extern D:\jo\Ideonics\Repository\Clock_Temperature\source\uart.c
      UartTransmitHandler   0x002422    program     extern D:\jo\Ideonics\Repository\Clock_Temperature\source\uart.c
  UpdateRealTimeClockTask   0x0015a8    program     extern D:\jo\Ideonics\Repository\Clock_Temperature\source\rtc_driver.c
             WriteByteI2C   0x002b4c    program     extern D:\jo\Ideonics\Repository\Clock_Temperature\source\i2c_driver.c
                 WriteI2C   0x0029d8    program     extern D:\jo\Ideonics\Repository\Clock_Temperature\source\i2c_driver.c
      WriteRtcTimeAndDate   0x000e68    program     extern D:\jo\Ideonics\Repository\Clock_Temperature\source\rtc_driver.c
              WriteTimer0   0x0030be    program     extern E:\c18v3.46\pic18-lt\cxx-framework\src\pmc_common\Timers\t0write.c
              WriteTimer1   0x003086    program     extern E:\c18v3.46\pic18-lt\cxx-framework\src\pmc_common\Timers\t1write.c
        _D10TCYXCODE_000A   0x003224    program     static E:\c18v3.46\pic18-lt\cxx-framework\src\traditional\delays\d10tcyx.asm
        _D10TCYXCODE_000C   0x003226    program     static E:\c18v3.46\pic18-lt\cxx-framework\src\traditional\delays\d10tcyx.asm
        _D10TCYXCODE_000E   0x003228    program     static E:\c18v3.46\pic18-lt\cxx-framework\src\traditional\delays\d10tcyx.asm
        _D1KTCYXCODE_0010   0x000040    program     static E:\c18v3.46\pic18-lt\cxx-framework\src\traditional\delays\d1ktcyx.asm
        _D1KTCYXCODE_0016   0x000046    program     static E:\c18v3.46\pic18-lt\cxx-framework\src\traditional\delays\d1ktcyx.asm
          ___for_lbl00031   0x001ed2    program     static                          
          ___for_lbl00032   0x001ed8    program     static                          
          ___for_lbl00033   0x001ea8    program     static                          
           ___if_lbl00001   0x000010    program     static                          
           ___if_lbl00002   0x000018    program     static                          
           ___if_lbl00003   0x000020    program     static                          
           ___if_lbl00004   0x000028    program     static                          
       ___return_lbl00000   0x0031fe    program     static                          
       ___return_lbl00000   0x000028    program     static                          
       ___return_lbl00000   0x00318a    program     static                          
       ___return_lbl00000   0x002f8e    program     static                          
       ___return_lbl00000   0x000004    program     static                          
       ___return_lbl00001   0x0031c6    program     static                          
       ___return_lbl00002   0x002e70    program     static                          
       ___return_lbl00030   0x001ee8    program     static                          
               __config_0   0x300001    program     static D:\jo\Ideonics\Repository\Clock_Temperature\source\main.c
               __config_1   0x300002    program     static D:\jo\Ideonics\Repository\Clock_Temperature\source\main.c
              __config_10   0x30000d    program     static D:\jo\Ideonics\Repository\Clock_Temperature\source\main.c
               __config_2   0x300003    program     static D:\jo\Ideonics\Repository\Clock_Temperature\source\main.c
               __config_3   0x300005    program     static D:\jo\Ideonics\Repository\Clock_Temperature\source\main.c
               __config_4   0x300006    program     static D:\jo\Ideonics\Repository\Clock_Temperature\source\main.c
               __config_5   0x300008    program     static D:\jo\Ideonics\Repository\Clock_Temperature\source\main.c
               __config_6   0x300009    program     static D:\jo\Ideonics\Repository\Clock_Temperature\source\main.c
               __config_7   0x30000a    program     static D:\jo\Ideonics\Repository\Clock_Temperature\source\main.c
               __config_8   0x30000b    program     static D:\jo\Ideonics\Repository\Clock_Temperature\source\main.c
               __config_9   0x30000c    program     static D:\jo\Ideonics\Repository\Clock_Temperature\source\main.c
                   __init   0x000006    program     extern E:\c18v3.46\pic18-lt\cxx-framework\src\traditional\stdclib\__init.c
               __string_0   0x002f44    program     static D:\jo\Ideonics\Repository\Clock_Temperature\source\rtc_driver.c
               __string_1   0x002f40    program     static D:\jo\Ideonics\Repository\Clock_Temperature\source\rtc_driver.c
              __string_10   0x002f1c    program     static D:\jo\Ideonics\Repository\Clock_Temperature\source\rtc_driver.c
              __string_11   0x002f18    program     static D:\jo\Ideonics\Repository\Clock_Temperature\source\rtc_driver.c
              __string_12   0x002f14    program     static D:\jo\Ideonics\Repository\Clock_Temperature\source\rtc_driver.c
              __string_13   0x002f10    program     static D:\jo\Ideonics\Repository\Clock_Temperature\source\rtc_driver.c
              __string_14   0x002f0c    program     static D:\jo\Ideonics\Repository\Clock_Temperature\source\rtc_driver.c
              __string_15   0x002f08    program     static D:\jo\Ideonics\Repository\Clock_Temperature\source\rtc_driver.c
              __string_16   0x002f04    program     static D:\jo\Ideonics\Repository\Clock_Temperature\source\rtc_driver.c
              __string_17   0x002f00    program     static D:\jo\Ideonics\Repository\Clock_Temperature\source\rtc_driver.c
              __string_18   0x002efc    program     static D:\jo\Ideonics\Repository\Clock_Temperature\source\rtc_driver.c
               __string_2   0x002f3c    program     static D:\jo\Ideonics\Repository\Clock_Temperature\source\rtc_driver.c
               __string_3   0x002f38    program     static D:\jo\Ideonics\Repository\Clock_Temperature\source\rtc_driver.c
               __string_4   0x002f34    program     static D:\jo\Ideonics\Repository\Clock_Temperature\source\rtc_driver.c
               __string_5   0x002f30    program     static D:\jo\Ideonics\Repository\Clock_Temperature\source\rtc_driver.c
               __string_6   0x002f2c    program     static D:\jo\Ideonics\Repository\Clock_Temperature\source\rtc_driver.c
               __string_7   0x002f28    program     static D:\jo\Ideonics\Repository\Clock_Temperature\source\rtc_driver.c
               __string_8   0x002f24    program     static D:\jo\Ideonics\Repository\Clock_Temperature\source\rtc_driver.c
               __string_9   0x002f20    program     static D:\jo\Ideonics\Repository\Clock_Temperature\source\rtc_driver.c
            __zero_memory   0x00318c    program     extern E:\c18v3.46\pic18-lt\cxx-framework\src\traditional\proc\p18f4520.asm
                _do_cinit   0x002dd4    program     extern E:\c18v3.46\pic18-lt\cxx-framework\src\traditional\startup\c018i.c
                   _entry   0x000000    program     extern E:\c18v3.46\pic18-lt\cxx-framework\src\traditional\startup\c018i.c
                   _false   0x002f8a    program     static                          
                 _startup   0x0031ac    program     extern E:\c18v3.46\pic18-lt\cxx-framework\src\traditional\startup\c018i.c
                 checksum   0x001f46    program     extern D:\jo\Ideonics\Repository\Clock_Temperature\source\communication.c
                compare_l   0x0031a2    program     static E:\c18v3.46\pic18-lt\cxx-framework\src\traditional\proc\p18f4520.asm
                copy_loop   0x002e46    program     static                          
            copy_one_byte   0x002e4c    program     static                          
                     done   0x002e70    program     static                          
             done_copying   0x002e5a    program     static                          
                  endloop   0x0031fa    program     static                          
                  endloop   0x003186    program     static                          
      extInterruptHandler   0x002b92    program     extern D:\jo\Ideonics\Repository\Clock_Temperature\source\externInterrupts.c
         extInterruptInit   0x002b7e    program     extern D:\jo\Ideonics\Repository\Clock_Temperature\source\externInterrupts.c
           high_interrupt   0x000008    program     extern D:\jo\Ideonics\Repository\Clock_Temperature\source\interruptvector.c
                     jEnd   0x0031e2    program     static E:\c18v3.46\pic18-lt\cxx-framework\src\traditional\stdclib\strlen.asm
                    jLoop   0x0031d8    program     static E:\c18v3.46\pic18-lt\cxx-framework\src\traditional\stdclib\strlen.asm
                     loop   0x00316a    program     static                          
                     loop   0x002f56    program     static                          
                     loop   0x0031ec    program     static                          
                     loop   0x0031bc    program     static                          
                   loop_h   0x00319a    program     static E:\c18v3.46\pic18-lt\cxx-framework\src\traditional\proc\p18f4520.asm
                   loop_l   0x0031a4    program     static E:\c18v3.46\pic18-lt\cxx-framework\src\traditional\proc\p18f4520.asm
                     main   0x002d14    program     extern D:\jo\Ideonics\Repository\Clock_Temperature\source\main.c
              parsePacket   0x001e74    program     extern D:\jo\Ideonics\Repository\Clock_Temperature\source\communication.c
    portBInterruptHandler   0x002c6c    program     extern D:\jo\Ideonics\Repository\Clock_Temperature\source\portBInterrupts.c
       portBInterruptInit   0x002c54    program     extern D:\jo\Ideonics\Repository\Clock_Temperature\source\portBInterrupts.c
                   strlen   0x0031c8    program     extern E:\c18v3.46\pic18-lt\cxx-framework\src\traditional\stdclib\strlen.asm
                     test   0x002dee    program     static                          
                 validate   0x001a48    program     static D:\jo\Ideonics\Repository\Clock_Temperature\source\digitdisplay.c
       writeToDisplayPort   0x00196c    program     static D:\jo\Ideonics\Repository\Clock_Temperature\source\digitdisplay.c
               zero_block   0x00319a    program     static E:\c18v3.46\pic18-lt\cxx-framework\src\traditional\proc\p18f4520.asm
                   ADCON0   0x000fc2       data     extern E:\c18v3.46\pic18-lt\cxx-framework\src\traditional\proc\p18f4520.asm
               ADCON0bits   0x000fc2       data     extern E:\c18v3.46\pic18-lt\cxx-framework\src\traditional\proc\p18f4520.asm
                   ADCON1   0x000fc1       data     extern E:\c18v3.46\pic18-lt\cxx-framework\src\traditional\proc\p18f4520.asm
               ADCON1bits   0x000fc1       data     extern E:\c18v3.46\pic18-lt\cxx-framework\src\traditional\proc\p18f4520.asm
                   ADCON2   0x000fc0       data     extern E:\c18v3.46\pic18-lt\cxx-framework\src\traditional\proc\p18f4520.asm
               ADCON2bits   0x000fc0       data     extern E:\c18v3.46\pic18-lt\cxx-framework\src\traditional\proc\p18f4520.asm
                    ADRES   0x000fc3       data     extern E:\c18v3.46\pic18-lt\cxx-framework\src\traditional\proc\p18f4520.asm
                   ADRESH   0x000fc4       data     extern E:\c18v3.46\pic18-lt\cxx-framework\src\traditional\proc\p18f4520.asm
                   ADRESL   0x000fc3       data     extern E:\c18v3.46\pic18-lt\cxx-framework\src\traditional\proc\p18f4520.asm
             AppTimestamp   0x00028e       data     extern D:\jo\Ideonics\Repository\Clock_Temperature\source\timer.c
                  BAUDCON   0x000fb8       data     extern E:\c18v3.46\pic18-lt\cxx-framework\src\traditional\proc\p18f4520.asm
              BAUDCONbits   0x000fb8       data     extern E:\c18v3.46\pic18-lt\cxx-framework\src\traditional\proc\p18f4520.asm
                  BAUDCTL   0x000fb8       data     extern E:\c18v3.46\pic18-lt\cxx-framework\src\traditional\proc\p18f4520.asm
              BAUDCTLbits   0x000fb8       data     extern E:\c18v3.46\pic18-lt\cxx-framework\src\traditional\proc\p18f4520.asm
                      BSR   0x000fe0       data     extern E:\c18v3.46\pic18-lt\cxx-framework\src\traditional\proc\p18f4520.asm
                  CCP1CON   0x000fbd       data     extern E:\c18v3.46\pic18-lt\cxx-framework\src\traditional\proc\p18f4520.asm
              CCP1CONbits   0x000fbd       data     extern E:\c18v3.46\pic18-lt\cxx-framework\src\traditional\proc\p18f4520.asm
                  CCP2CON   0x000fba       data     extern E:\c18v3.46\pic18-lt\cxx-framework\src\traditional\proc\p18f4520.asm
              CCP2CONbits   0x000fba       data     extern E:\c18v3.46\pic18-lt\cxx-framework\src\traditional\proc\p18f4520.asm
                    CCPR1   0x000fbe       data     extern E:\c18v3.46\pic18-lt\cxx-framework\src\traditional\proc\p18f4520.asm
                   CCPR1H   0x000fbf       data     extern E:\c18v3.46\pic18-lt\cxx-framework\src\traditional\proc\p18f4520.asm
                   CCPR1L   0x000fbe       data     extern E:\c18v3.46\pic18-lt\cxx-framework\src\traditional\proc\p18f4520.asm
                    CCPR2   0x000fbb       data     extern E:\c18v3.46\pic18-lt\cxx-framework\src\traditional\proc\p18f4520.asm
                   CCPR2H   0x000fbc       data     extern E:\c18v3.46\pic18-lt\cxx-framework\src\traditional\proc\p18f4520.asm
                   CCPR2L   0x000fbb       data     extern E:\c18v3.46\pic18-lt\cxx-framework\src\traditional\proc\p18f4520.asm
                    CMCON   0x000fb4       data     extern E:\c18v3.46\pic18-lt\cxx-framework\src\traditional\proc\p18f4520.asm
                CMCONbits   0x000fb4       data     extern E:\c18v3.46\pic18-lt\cxx-framework\src\traditional\proc\p18f4520.asm
                   CVRCON   0x000fb5       data     extern E:\c18v3.46\pic18-lt\cxx-framework\src\traditional\proc\p18f4520.asm
               CVRCONbits   0x000fb5       data     extern E:\c18v3.46\pic18-lt\cxx-framework\src\traditional\proc\p18f4520.asm
                     DDRA   0x000f92       data     extern E:\c18v3.46\pic18-lt\cxx-framework\src\traditional\proc\p18f4520.asm
                 DDRAbits   0x000f92       data     extern E:\c18v3.46\pic18-lt\cxx-framework\src\traditional\proc\p18f4520.asm
                     DDRB   0x000f93       data     extern E:\c18v3.46\pic18-lt\cxx-framework\src\traditional\proc\p18f4520.asm
                 DDRBbits   0x000f93       data     extern E:\c18v3.46\pic18-lt\cxx-framework\src\traditional\proc\p18f4520.asm
                     DDRC   0x000f94       data     extern E:\c18v3.46\pic18-lt\cxx-framework\src\traditional\proc\p18f4520.asm
                 DDRCbits   0x000f94       data     extern E:\c18v3.46\pic18-lt\cxx-framework\src\traditional\proc\p18f4520.asm
                     DDRD   0x000f95       data     extern E:\c18v3.46\pic18-lt\cxx-framework\src\traditional\proc\p18f4520.asm
                 DDRDbits   0x000f95       data     extern E:\c18v3.46\pic18-lt\cxx-framework\src\traditional\proc\p18f4520.asm
                     DDRE   0x000f96       data     extern E:\c18v3.46\pic18-lt\cxx-framework\src\traditional\proc\p18f4520.asm
                 DDREbits   0x000f96       data     extern E:\c18v3.46\pic18-lt\cxx-framework\src\traditional\proc\p18f4520.asm
                   DayStr   0x00039c       data     extern D:\jo\Ideonics\Repository\Clock_Temperature\source\rtc_driver.c
            DelayCounter1   0x00001c       data     extern E:\c18v3.46\pic18-lt\cxx-framework\src\traditional\delays\delayd1.asm
                  ECCP1AS   0x000fb6       data     extern E:\c18v3.46\pic18-lt\cxx-framework\src\traditional\proc\p18f4520.asm
              ECCP1ASbits   0x000fb6       data     extern E:\c18v3.46\pic18-lt\cxx-framework\src\traditional\proc\p18f4520.asm
                 ECCP1DEL   0x000fb7       data     extern E:\c18v3.46\pic18-lt\cxx-framework\src\traditional\proc\p18f4520.asm
             ECCP1DELbits   0x000fb7       data     extern E:\c18v3.46\pic18-lt\cxx-framework\src\traditional\proc\p18f4520.asm
                   ECCPAS   0x000fb6       data     extern E:\c18v3.46\pic18-lt\cxx-framework\src\traditional\proc\p18f4520.asm
               ECCPASbits   0x000fb6       data     extern E:\c18v3.46\pic18-lt\cxx-framework\src\traditional\proc\p18f4520.asm
                    EEADR   0x000fa9       data     extern E:\c18v3.46\pic18-lt\cxx-framework\src\traditional\proc\p18f4520.asm
                   EECON1   0x000fa6       data     extern E:\c18v3.46\pic18-lt\cxx-framework\src\traditional\proc\p18f4520.asm
               EECON1bits   0x000fa6       data     extern E:\c18v3.46\pic18-lt\cxx-framework\src\traditional\proc\p18f4520.asm
                   EECON2   0x000fa7       data     extern E:\c18v3.46\pic18-lt\cxx-framework\src\traditional\proc\p18f4520.asm
                   EEDATA   0x000fa8       data     extern E:\c18v3.46\pic18-lt\cxx-framework\src\traditional\proc\p18f4520.asm
                     FSR0   0x000fe9       data     extern E:\c18v3.46\pic18-lt\cxx-framework\src\traditional\proc\p18f4520.asm
                    FSR0H   0x000fea       data     extern E:\c18v3.46\pic18-lt\cxx-framework\src\traditional\proc\p18f4520.asm
                    FSR0L   0x000fe9       data     extern E:\c18v3.46\pic18-lt\cxx-framework\src\traditional\proc\p18f4520.asm
                     FSR1   0x000fe1       data     extern E:\c18v3.46\pic18-lt\cxx-framework\src\traditional\proc\p18f4520.asm
                    FSR1H   0x000fe2       data     extern E:\c18v3.46\pic18-lt\cxx-framework\src\traditional\proc\p18f4520.asm
                    FSR1L   0x000fe1       data     extern E:\c18v3.46\pic18-lt\cxx-framework\src\traditional\proc\p18f4520.asm
                     FSR2   0x000fd9       data     extern E:\c18v3.46\pic18-lt\cxx-framework\src\traditional\proc\p18f4520.asm
                    FSR2H   0x000fda       data     extern E:\c18v3.46\pic18-lt\cxx-framework\src\traditional\proc\p18f4520.asm
                    FSR2L   0x000fd9       data     extern E:\c18v3.46\pic18-lt\cxx-framework\src\traditional\proc\p18f4520.asm
                  HLVDCON   0x000fd2       data     extern E:\c18v3.46\pic18-lt\cxx-framework\src\traditional\proc\p18f4520.asm
              HLVDCONbits   0x000fd2       data     extern E:\c18v3.46\pic18-lt\cxx-framework\src\traditional\proc\p18f4520.asm
                    INDF0   0x000fef       data     extern E:\c18v3.46\pic18-lt\cxx-framework\src\traditional\proc\p18f4520.asm
                    INDF1   0x000fe7       data     extern E:\c18v3.46\pic18-lt\cxx-framework\src\traditional\proc\p18f4520.asm
                    INDF2   0x000fdf       data     extern E:\c18v3.46\pic18-lt\cxx-framework\src\traditional\proc\p18f4520.asm
                   INTCON   0x000ff2       data     extern E:\c18v3.46\pic18-lt\cxx-framework\src\traditional\proc\p18f4520.asm
                  INTCON2   0x000ff1       data     extern E:\c18v3.46\pic18-lt\cxx-framework\src\traditional\proc\p18f4520.asm
              INTCON2bits   0x000ff1       data     extern E:\c18v3.46\pic18-lt\cxx-framework\src\traditional\proc\p18f4520.asm
                  INTCON3   0x000ff0       data     extern E:\c18v3.46\pic18-lt\cxx-framework\src\traditional\proc\p18f4520.asm
              INTCON3bits   0x000ff0       data     extern E:\c18v3.46\pic18-lt\cxx-framework\src\traditional\proc\p18f4520.asm
               INTCONbits   0x000ff2       data     extern E:\c18v3.46\pic18-lt\cxx-framework\src\traditional\proc\p18f4520.asm
                     IPR1   0x000f9f       data     extern E:\c18v3.46\pic18-lt\cxx-framework\src\traditional\proc\p18f4520.asm
                 IPR1bits   0x000f9f       data     extern E:\c18v3.46\pic18-lt\cxx-framework\src\traditional\proc\p18f4520.asm
                     IPR2   0x000fa2       data     extern E:\c18v3.46\pic18-lt\cxx-framework\src\traditional\proc\p18f4520.asm
                 IPR2bits   0x000fa2       data     extern E:\c18v3.46\pic18-lt\cxx-framework\src\traditional\proc\p18f4520.asm
                     LATA   0x000f89       data     extern E:\c18v3.46\pic18-lt\cxx-framework\src\traditional\proc\p18f4520.asm
                 LATAbits   0x000f89       data     extern E:\c18v3.46\pic18-lt\cxx-framework\src\traditional\proc\p18f4520.asm
                     LATB   0x000f8a       data     extern E:\c18v3.46\pic18-lt\cxx-framework\src\traditional\proc\p18f4520.asm
                 LATBbits   0x000f8a       data     extern E:\c18v3.46\pic18-lt\cxx-framework\src\traditional\proc\p18f4520.asm
                     LATC   0x000f8b       data     extern E:\c18v3.46\pic18-lt\cxx-framework\src\traditional\proc\p18f4520.asm
                 LATCbits   0x000f8b       data     extern E:\c18v3.46\pic18-lt\cxx-framework\src\traditional\proc\p18f4520.asm
                     LATD   0x000f8c       data     extern E:\c18v3.46\pic18-lt\cxx-framework\src\traditional\proc\p18f4520.asm
                 LATDbits   0x000f8c       data     extern E:\c18v3.46\pic18-lt\cxx-framework\src\traditional\proc\p18f4520.asm
                     LATE   0x000f8d       data     extern E:\c18v3.46\pic18-lt\cxx-framework\src\traditional\proc\p18f4520.asm
                 LATEbits   0x000f8d       data     extern E:\c18v3.46\pic18-lt\cxx-framework\src\traditional\proc\p18f4520.asm
                   LVDCON   0x000fd2       data     extern E:\c18v3.46\pic18-lt\cxx-framework\src\traditional\proc\p18f4520.asm
               LVDCONbits   0x000fd2       data     extern E:\c18v3.46\pic18-lt\cxx-framework\src\traditional\proc\p18f4520.asm
                 MonthStr   0x0003aa       data     extern D:\jo\Ideonics\Repository\Clock_Temperature\source\rtc_driver.c
                   OSCCON   0x000fd3       data     extern E:\c18v3.46\pic18-lt\cxx-framework\src\traditional\proc\p18f4520.asm
               OSCCONbits   0x000fd3       data     extern E:\c18v3.46\pic18-lt\cxx-framework\src\traditional\proc\p18f4520.asm
                  OSCTUNE   0x000f9b       data     extern E:\c18v3.46\pic18-lt\cxx-framework\src\traditional\proc\p18f4520.asm
              OSCTUNEbits   0x000f9b       data     extern E:\c18v3.46\pic18-lt\cxx-framework\src\traditional\proc\p18f4520.asm
                       PC   0x000ff9       data     extern E:\c18v3.46\pic18-lt\cxx-framework\src\traditional\proc\p18f4520.asm
                      PCL   0x000ff9       data     extern E:\c18v3.46\pic18-lt\cxx-framework\src\traditional\proc\p18f4520.asm
                   PCLATH   0x000ffa       data     extern E:\c18v3.46\pic18-lt\cxx-framework\src\traditional\proc\p18f4520.asm
                   PCLATU   0x000ffb       data     extern E:\c18v3.46\pic18-lt\cxx-framework\src\traditional\proc\p18f4520.asm
                     PIE1   0x000f9d       data     extern E:\c18v3.46\pic18-lt\cxx-framework\src\traditional\proc\p18f4520.asm
                 PIE1bits   0x000f9d       data     extern E:\c18v3.46\pic18-lt\cxx-framework\src\traditional\proc\p18f4520.asm
                     PIE2   0x000fa0       data     extern E:\c18v3.46\pic18-lt\cxx-framework\src\traditional\proc\p18f4520.asm
                 PIE2bits   0x000fa0       data     extern E:\c18v3.46\pic18-lt\cxx-framework\src\traditional\proc\p18f4520.asm
                     PIR1   0x000f9e       data     extern E:\c18v3.46\pic18-lt\cxx-framework\src\traditional\proc\p18f4520.asm
                 PIR1bits   0x000f9e       data     extern E:\c18v3.46\pic18-lt\cxx-framework\src\traditional\proc\p18f4520.asm
                     PIR2   0x000fa1       data     extern E:\c18v3.46\pic18-lt\cxx-framework\src\traditional\proc\p18f4520.asm
                 PIR2bits   0x000fa1       data     extern E:\c18v3.46\pic18-lt\cxx-framework\src\traditional\proc\p18f4520.asm
                   PLUSW0   0x000feb       data     extern E:\c18v3.46\pic18-lt\cxx-framework\src\traditional\proc\p18f4520.asm
                   PLUSW1   0x000fe3       data     extern E:\c18v3.46\pic18-lt\cxx-framework\src\traditional\proc\p18f4520.asm
                   PLUSW2   0x000fdb       data     extern E:\c18v3.46\pic18-lt\cxx-framework\src\traditional\proc\p18f4520.asm
                    PORTA   0x000f80       data     extern E:\c18v3.46\pic18-lt\cxx-framework\src\traditional\proc\p18f4520.asm
                PORTAbits   0x000f80       data     extern E:\c18v3.46\pic18-lt\cxx-framework\src\traditional\proc\p18f4520.asm
                    PORTB   0x000f81       data     extern E:\c18v3.46\pic18-lt\cxx-framework\src\traditional\proc\p18f4520.asm
                PORTBbits   0x000f81       data     extern E:\c18v3.46\pic18-lt\cxx-framework\src\traditional\proc\p18f4520.asm
                    PORTC   0x000f82       data     extern E:\c18v3.46\pic18-lt\cxx-framework\src\traditional\proc\p18f4520.asm
                PORTCbits   0x000f82       data     extern E:\c18v3.46\pic18-lt\cxx-framework\src\traditional\proc\p18f4520.asm
                    PORTD   0x000f83       data     extern E:\c18v3.46\pic18-lt\cxx-framework\src\traditional\proc\p18f4520.asm
                PORTDbits   0x000f83       data     extern E:\c18v3.46\pic18-lt\cxx-framework\src\traditional\proc\p18f4520.asm
                    PORTE   0x000f84       data     extern E:\c18v3.46\pic18-lt\cxx-framework\src\traditional\proc\p18f4520.asm
                PORTEbits   0x000f84       data     extern E:\c18v3.46\pic18-lt\cxx-framework\src\traditional\proc\p18f4520.asm
                 POSTDEC0   0x000fed       data     extern E:\c18v3.46\pic18-lt\cxx-framework\src\traditional\proc\p18f4520.asm
                 POSTDEC1   0x000fe5       data     extern E:\c18v3.46\pic18-lt\cxx-framework\src\traditional\proc\p18f4520.asm
                 POSTDEC2   0x000fdd       data     extern E:\c18v3.46\pic18-lt\cxx-framework\src\traditional\proc\p18f4520.asm
                 POSTINC0   0x000fee       data     extern E:\c18v3.46\pic18-lt\cxx-framework\src\traditional\proc\p18f4520.asm
                 POSTINC1   0x000fe6       data     extern E:\c18v3.46\pic18-lt\cxx-framework\src\traditional\proc\p18f4520.asm
                 POSTINC2   0x000fde       data     extern E:\c18v3.46\pic18-lt\cxx-framework\src\traditional\proc\p18f4520.asm
                      PR2   0x000fcb       data     extern E:\c18v3.46\pic18-lt\cxx-framework\src\traditional\proc\p18f4520.asm
                  PREINC0   0x000fec       data     extern E:\c18v3.46\pic18-lt\cxx-framework\src\traditional\proc\p18f4520.asm
                  PREINC1   0x000fe4       data     extern E:\c18v3.46\pic18-lt\cxx-framework\src\traditional\proc\p18f4520.asm
                  PREINC2   0x000fdc       data     extern E:\c18v3.46\pic18-lt\cxx-framework\src\traditional\proc\p18f4520.asm
                     PROD   0x000ff3       data     extern E:\c18v3.46\pic18-lt\cxx-framework\src\traditional\proc\p18f4520.asm
                    PRODH   0x000ff4       data     extern E:\c18v3.46\pic18-lt\cxx-framework\src\traditional\proc\p18f4520.asm
                    PRODL   0x000ff3       data     extern E:\c18v3.46\pic18-lt\cxx-framework\src\traditional\proc\p18f4520.asm
                  PWM1CON   0x000fb7       data     extern E:\c18v3.46\pic18-lt\cxx-framework\src\traditional\proc\p18f4520.asm
              PWM1CONbits   0x000fb7       data     extern E:\c18v3.46\pic18-lt\cxx-framework\src\traditional\proc\p18f4520.asm
                     RCON   0x000fd0       data     extern E:\c18v3.46\pic18-lt\cxx-framework\src\traditional\proc\p18f4520.asm
                 RCONbits   0x000fd0       data     extern E:\c18v3.46\pic18-lt\cxx-framework\src\traditional\proc\p18f4520.asm
                    RCREG   0x000fae       data     extern E:\c18v3.46\pic18-lt\cxx-framework\src\traditional\proc\p18f4520.asm
                    RCSTA   0x000fab       data     extern E:\c18v3.46\pic18-lt\cxx-framework\src\traditional\proc\p18f4520.asm
                RCSTAbits   0x000fab       data     extern E:\c18v3.46\pic18-lt\cxx-framework\src\traditional\proc\p18f4520.asm
             RegistersRTC   0x000292       data     extern D:\jo\Ideonics\Repository\Clock_Temperature\source\rtc_driver.c
             SEVENSEGMENT   0x0002a2       data     static D:\jo\Ideonics\Repository\Clock_Temperature\source\digitdisplay.c
                     SIGN   0x000000       data     extern E:\c18v3.46\pic18-lt\cxx-framework\src\traditional\math\cmath18.asm
                    SPBRG   0x000faf       data     extern E:\c18v3.46\pic18-lt\cxx-framework\src\traditional\proc\p18f4520.asm
                   SPBRGH   0x000fb0       data     extern E:\c18v3.46\pic18-lt\cxx-framework\src\traditional\proc\p18f4520.asm
                   SSPADD   0x000fc8       data     extern E:\c18v3.46\pic18-lt\cxx-framework\src\traditional\proc\p18f4520.asm
                   SSPBUF   0x000fc9       data     extern E:\c18v3.46\pic18-lt\cxx-framework\src\traditional\proc\p18f4520.asm
                  SSPCON1   0x000fc6       data     extern E:\c18v3.46\pic18-lt\cxx-framework\src\traditional\proc\p18f4520.asm
              SSPCON1bits   0x000fc6       data     extern E:\c18v3.46\pic18-lt\cxx-framework\src\traditional\proc\p18f4520.asm
                  SSPCON2   0x000fc5       data     extern E:\c18v3.46\pic18-lt\cxx-framework\src\traditional\proc\p18f4520.asm
              SSPCON2bits   0x000fc5       data     extern E:\c18v3.46\pic18-lt\cxx-framework\src\traditional\proc\p18f4520.asm
                  SSPSTAT   0x000fc7       data     extern E:\c18v3.46\pic18-lt\cxx-framework\src\traditional\proc\p18f4520.asm
              SSPSTATbits   0x000fc7       data     extern E:\c18v3.46\pic18-lt\cxx-framework\src\traditional\proc\p18f4520.asm
                   STATUS   0x000fd8       data     extern E:\c18v3.46\pic18-lt\cxx-framework\src\traditional\proc\p18f4520.asm
               STATUSbits   0x000fd8       data     extern E:\c18v3.46\pic18-lt\cxx-framework\src\traditional\proc\p18f4520.asm
                   STKPTR   0x000ffc       data     extern E:\c18v3.46\pic18-lt\cxx-framework\src\traditional\proc\p18f4520.asm
               STKPTRbits   0x000ffc       data     extern E:\c18v3.46\pic18-lt\cxx-framework\src\traditional\proc\p18f4520.asm
                    T0CON   0x000fd5       data     extern E:\c18v3.46\pic18-lt\cxx-framework\src\traditional\proc\p18f4520.asm
                T0CONbits   0x000fd5       data     extern E:\c18v3.46\pic18-lt\cxx-framework\src\traditional\proc\p18f4520.asm
                    T1CON   0x000fcd       data     extern E:\c18v3.46\pic18-lt\cxx-framework\src\traditional\proc\p18f4520.asm
                T1CONbits   0x000fcd       data     extern E:\c18v3.46\pic18-lt\cxx-framework\src\traditional\proc\p18f4520.asm
                    T2CON   0x000fca       data     extern E:\c18v3.46\pic18-lt\cxx-framework\src\traditional\proc\p18f4520.asm
                T2CONbits   0x000fca       data     extern E:\c18v3.46\pic18-lt\cxx-framework\src\traditional\proc\p18f4520.asm
                    T3CON   0x000fb1       data     extern E:\c18v3.46\pic18-lt\cxx-framework\src\traditional\proc\p18f4520.asm
                T3CONbits   0x000fb1       data     extern E:\c18v3.46\pic18-lt\cxx-framework\src\traditional\proc\p18f4520.asm
                   TABLAT   0x000ff5       data     extern E:\c18v3.46\pic18-lt\cxx-framework\src\traditional\proc\p18f4520.asm
                   TBLPTR   0x000ff6       data     extern E:\c18v3.46\pic18-lt\cxx-framework\src\traditional\proc\p18f4520.asm
                  TBLPTRH   0x000ff7       data     extern E:\c18v3.46\pic18-lt\cxx-framework\src\traditional\proc\p18f4520.asm
                  TBLPTRL   0x000ff6       data     extern E:\c18v3.46\pic18-lt\cxx-framework\src\traditional\proc\p18f4520.asm
                  TBLPTRU   0x000ff8       data     extern E:\c18v3.46\pic18-lt\cxx-framework\src\traditional\proc\p18f4520.asm
                    TMR0H   0x000fd7       data     extern E:\c18v3.46\pic18-lt\cxx-framework\src\traditional\proc\p18f4520.asm
                    TMR0L   0x000fd6       data     extern E:\c18v3.46\pic18-lt\cxx-framework\src\traditional\proc\p18f4520.asm
                    TMR1H   0x000fcf       data     extern E:\c18v3.46\pic18-lt\cxx-framework\src\traditional\proc\p18f4520.asm
                    TMR1L   0x000fce       data     extern E:\c18v3.46\pic18-lt\cxx-framework\src\traditional\proc\p18f4520.asm
                     TMR2   0x000fcc       data     extern E:\c18v3.46\pic18-lt\cxx-framework\src\traditional\proc\p18f4520.asm
                    TMR3H   0x000fb3       data     extern E:\c18v3.46\pic18-lt\cxx-framework\src\traditional\proc\p18f4520.asm
                    TMR3L   0x000fb2       data     extern E:\c18v3.46\pic18-lt\cxx-framework\src\traditional\proc\p18f4520.asm
                      TOS   0x000ffd       data     extern E:\c18v3.46\pic18-lt\cxx-framework\src\traditional\proc\p18f4520.asm
                     TOSH   0x000ffe       data     extern E:\c18v3.46\pic18-lt\cxx-framework\src\traditional\proc\p18f4520.asm
                     TOSL   0x000ffd       data     extern E:\c18v3.46\pic18-lt\cxx-framework\src\traditional\proc\p18f4520.asm
                     TOSU   0x000fff       data     extern E:\c18v3.46\pic18-lt\cxx-framework\src\traditional\proc\p18f4520.asm
                    TRISA   0x000f92       data     extern E:\c18v3.46\pic18-lt\cxx-framework\src\traditional\proc\p18f4520.asm
                TRISAbits   0x000f92       data     extern E:\c18v3.46\pic18-lt\cxx-framework\src\traditional\proc\p18f4520.asm
                    TRISB   0x000f93       data     extern E:\c18v3.46\pic18-lt\cxx-framework\src\traditional\proc\p18f4520.asm
                TRISBbits   0x000f93       data     extern E:\c18v3.46\pic18-lt\cxx-framework\src\traditional\proc\p18f4520.asm
                    TRISC   0x000f94       data     extern E:\c18v3.46\pic18-lt\cxx-framework\src\traditional\proc\p18f4520.asm
                TRISCbits   0x000f94       data     extern E:\c18v3.46\pic18-lt\cxx-framework\src\traditional\proc\p18f4520.asm
                    TRISD   0x000f95       data     extern E:\c18v3.46\pic18-lt\cxx-framework\src\traditional\proc\p18f4520.asm
                TRISDbits   0x000f95       data     extern E:\c18v3.46\pic18-lt\cxx-framework\src\traditional\proc\p18f4520.asm
                    TRISE   0x000f96       data     extern E:\c18v3.46\pic18-lt\cxx-framework\src\traditional\proc\p18f4520.asm
                TRISEbits   0x000f96       data     extern E:\c18v3.46\pic18-lt\cxx-framework\src\traditional\proc\p18f4520.asm
                    TXREG   0x000fad       data     extern E:\c18v3.46\pic18-lt\cxx-framework\src\traditional\proc\p18f4520.asm
                    TXSTA   0x000fac       data     extern E:\c18v3.46\pic18-lt\cxx-framework\src\traditional\proc\p18f4520.asm
                TXSTAbits   0x000fac       data     extern E:\c18v3.46\pic18-lt\cxx-framework\src\traditional\proc\p18f4520.asm
            TimeClockMode   0x0002a1       data     extern D:\jo\Ideonics\Repository\Clock_Temperature\source\rtc_driver.c
  TimeClockUpdateRequired   0x00039b       data     extern D:\jo\Ideonics\Repository\Clock_Temperature\source\rtc_driver.c
             USART_Status   0x0003fd       data     extern E:\c18v3.46\pic18-lt\cxx-framework\src\pmc_common\USART\udefs.c
                        W   0x000fe8       data     extern E:\c18v3.46\pic18-lt\cxx-framework\src\traditional\proc\p18f4520.asm
                   WDTCON   0x000fd1       data     extern E:\c18v3.46\pic18-lt\cxx-framework\src\traditional\proc\p18f4520.asm
               WDTCONbits   0x000fd1       data     extern E:\c18v3.46\pic18-lt\cxx-framework\src\traditional\proc\p18f4520.asm
                     WREG   0x000fe8       data     extern E:\c18v3.46\pic18-lt\cxx-framework\src\traditional\proc\p18f4520.asm
                 __AARGB0   0x000009       data     extern E:\c18v3.46\pic18-lt\cxx-framework\src\traditional\math\aarg.asm
                 __AARGB1   0x000008       data     extern E:\c18v3.46\pic18-lt\cxx-framework\src\traditional\math\aarg.asm
                 __AARGB2   0x000007       data     extern E:\c18v3.46\pic18-lt\cxx-framework\src\traditional\math\aarg.asm
                 __AARGB3   0x000006       data     extern E:\c18v3.46\pic18-lt\cxx-framework\src\traditional\math\aarg.asm
                 __AARGB4   0x000005       data     extern E:\c18v3.46\pic18-lt\cxx-framework\src\traditional\math\aarg.asm
                 __AARGB5   0x000004       data     extern E:\c18v3.46\pic18-lt\cxx-framework\src\traditional\math\aarg.asm
                 __AARGB6   0x000003       data     extern E:\c18v3.46\pic18-lt\cxx-framework\src\traditional\math\aarg.asm
                 __AARGB7   0x000002       data     extern E:\c18v3.46\pic18-lt\cxx-framework\src\traditional\math\aarg.asm
                   __AEXP   0x00000a       data     extern E:\c18v3.46\pic18-lt\cxx-framework\src\traditional\math\aarg.asm
                 __BARGB0   0x00000e       data     extern E:\c18v3.46\pic18-lt\cxx-framework\src\traditional\math\barg.asm
                 __BARGB1   0x00000d       data     extern E:\c18v3.46\pic18-lt\cxx-framework\src\traditional\math\barg.asm
                 __BARGB2   0x00000c       data     extern E:\c18v3.46\pic18-lt\cxx-framework\src\traditional\math\barg.asm
                 __BARGB3   0x00000b       data     extern E:\c18v3.46\pic18-lt\cxx-framework\src\traditional\math\barg.asm
                   __BEXP   0x00000f       data     extern E:\c18v3.46\pic18-lt\cxx-framework\src\traditional\math\barg.asm
                __FPFLAGS   0x000001       data     extern E:\c18v3.46\pic18-lt\cxx-framework\src\traditional\math\cmath18.asm
            __FPFLAGSbits   0x000001       data     extern E:\c18v3.46\pic18-lt\cxx-framework\src\traditional\math\cmath18.asm
                  __REMB0   0x000005       data     extern E:\c18v3.46\pic18-lt\cxx-framework\src\traditional\math\aarg.asm
                  __REMB1   0x000004       data     extern E:\c18v3.46\pic18-lt\cxx-framework\src\traditional\math\aarg.asm
                  __REMB2   0x000003       data     extern E:\c18v3.46\pic18-lt\cxx-framework\src\traditional\math\aarg.asm
                  __REMB3   0x000002       data     extern E:\c18v3.46\pic18-lt\cxx-framework\src\traditional\math\aarg.asm
                   __TEMP   0x000013       data     extern E:\c18v3.46\pic18-lt\cxx-framework\src\traditional\math\temparg.asm
                 __TEMPB0   0x000013       data     extern E:\c18v3.46\pic18-lt\cxx-framework\src\traditional\math\temparg.asm
                 __TEMPB1   0x000012       data     extern E:\c18v3.46\pic18-lt\cxx-framework\src\traditional\math\temparg.asm
                 __TEMPB2   0x000011       data     extern E:\c18v3.46\pic18-lt\cxx-framework\src\traditional\math\temparg.asm
                 __TEMPB3   0x000010       data     extern E:\c18v3.46\pic18-lt\cxx-framework\src\traditional\math\temparg.asm
                  __tmp_0   0x000014       data     static D:\jo\Ideonics\Repository\Clock_Temperature\source\app.c
                  __tmp_0   0x000014       data     static D:\jo\Ideonics\Repository\Clock_Temperature\source\digitdisplay.c
                  __tmp_0   0x000014       data     static D:\jo\Ideonics\Repository\Clock_Temperature\source\i2c_driver.c
                  __tmp_0   0x000014       data     static D:\jo\Ideonics\Repository\Clock_Temperature\source\main.c
                  __tmp_0   0x000014       data     static D:\jo\Ideonics\Repository\Clock_Temperature\source\math_fun.c
                  __tmp_0   0x000014       data     static D:\jo\Ideonics\Repository\Clock_Temperature\source\rtc_driver.c
                  __tmp_0   0x000014       data     static E:\c18v3.46\pic18-lt\cxx-framework\src\pmc_common\USART\uopen.c
                  __tmp_0   0x000014       data     static D:\jo\Ideonics\Repository\Clock_Temperature\source\uart.c
                  __tmp_0   0x000014       data     static D:\jo\Ideonics\Repository\Clock_Temperature\source\communication.c
                      app   0x000300       data     extern D:\jo\Ideonics\Repository\Clock_Temperature\source\app.c
               comTimeout   0x0003fb       data     extern D:\jo\Ideonics\Repository\Clock_Temperature\source\communication.c
           comUpdateCount   0x00028a       data     extern D:\jo\Ideonics\Repository\Clock_Temperature\source\timer.c
            communication   0x00030f       data     extern D:\jo\Ideonics\Repository\Clock_Temperature\source\communication.c
                curr_byte   0x0002b0       data     static E:\c18v3.46\pic18-lt\cxx-framework\src\traditional\startup\c018i.c
               curr_entry   0x0002b2       data     static E:\c18v3.46\pic18-lt\cxx-framework\src\traditional\startup\c018i.c
                 data_ptr   0x0002b4       data     static E:\c18v3.46\pic18-lt\cxx-framework\src\traditional\startup\c018i.c
             digitDisplay   0x0003e0       data     extern D:\jo\Ideonics\Repository\Clock_Temperature\source\digitdisplay.c
            displayBuffer   0x0003ca       data     extern D:\jo\Ideonics\Repository\Clock_Temperature\source\app.c
           heartBeatCount   0x000286       data     extern D:\jo\Ideonics\Repository\Clock_Temperature\source\timer.c
       keypadUpdate_count   0x000288       data     extern D:\jo\Ideonics\Repository\Clock_Temperature\source\timer.c
                 ledState   0x0003ff       data     static D:\jo\Ideonics\Repository\Clock_Temperature\source\board.c
                 ledState   0x0002c0       data     extern D:\jo\Ideonics\Repository\Clock_Temperature\source\heartBeat.c
                  message   0x0002b7       data     extern D:\jo\Ideonics\Repository\Clock_Temperature\source\main.c
        portB_currentData   0x00030e       data     extern D:\jo\Ideonics\Repository\Clock_Temperature\source\portBInterrupts.c
            portB_intFlag   0x00030d       data     extern D:\jo\Ideonics\Repository\Clock_Temperature\source\portBInterrupts.c
                  prevSec   0x0003c2       data     static D:\jo\Ideonics\Repository\Clock_Temperature\source\rtc_driver.c
                     prom   0x0002ad       data     static E:\c18v3.46\pic18-lt\cxx-framework\src\traditional\startup\c018i.c
       readTimeDateBuffer   0x0003d2       data     extern D:\jo\Ideonics\Repository\Clock_Temperature\source\app.c
             resetSwState   0x0003fe       data     extern D:\jo\Ideonics\Repository\Clock_Temperature\source\externInterrupts.c
                stRtcRegs   0x000299       data     extern D:\jo\Ideonics\Repository\Clock_Temperature\source\rtc_driver.c
     timeStampUpdateCount   0x00028c       data     extern D:\jo\Ideonics\Repository\Clock_Temperature\source\timer.c
                      tmr   0x00027e       data     extern D:\jo\Ideonics\Repository\Clock_Temperature\source\timer.c
                 txBuffer   0x0003c3       data     extern D:\jo\Ideonics\Repository\Clock_Temperature\source\app.c
                     uart   0x000200       data     extern D:\jo\Ideonics\Repository\Clock_Temperature\source\uart.c
      writeTimeDateBuffer   0x0003d9       data     extern D:\jo\Ideonics\Repository\Clock_Temperature\source\app.c



                              Symbols - Sorted by Address
                     Name    Address   Location    Storage File                     
                ---------  ---------  ---------  --------- ---------                
                   _entry   0x000000    program     extern E:\c18v3.46\pic18-lt\cxx-framework\src\traditional\startup\c018i.c
       ___return_lbl00000   0x000004    program     static                          
                   __init   0x000006    program     extern E:\c18v3.46\pic18-lt\cxx-framework\src\traditional\stdclib\__init.c
           high_interrupt   0x000008    program     extern D:\jo\Ideonics\Repository\Clock_Temperature\source\interruptvector.c
           ___if_lbl00001   0x000010    program     static                          
           ___if_lbl00002   0x000018    program     static                          
           ___if_lbl00003   0x000020    program     static                          
       ___return_lbl00000   0x000028    program     static                          
           ___if_lbl00004   0x000028    program     static                          
         EnableInterrupts   0x00002a    program     extern D:\jo\Ideonics\Repository\Clock_Temperature\source\interruptvector.c
              Delay1KTCYx   0x000030    program     extern E:\c18v3.46\pic18-lt\cxx-framework\src\traditional\delays\d1ktcyx.asm
                     D1Kx   0x00003a    program     static E:\c18v3.46\pic18-lt\cxx-framework\src\traditional\delays\d1ktcyx.asm
                    D1K_1   0x00003c    program     static E:\c18v3.46\pic18-lt\cxx-framework\src\traditional\delays\d1ktcyx.asm
        _D1KTCYXCODE_0010   0x000040    program     static E:\c18v3.46\pic18-lt\cxx-framework\src\traditional\delays\d1ktcyx.asm
        _D1KTCYXCODE_0016   0x000046    program     static E:\c18v3.46\pic18-lt\cxx-framework\src\traditional\delays\d1ktcyx.asm
           ConvertBCD2HEX   0x0000d6    program     extern D:\jo\Ideonics\Repository\Clock_Temperature\source\math_fun.c
                  BCD2HEX   0x000164    program     extern D:\jo\Ideonics\Repository\Clock_Temperature\source\math_fun.c
                  HEX2BCD   0x00019e    program     extern D:\jo\Ideonics\Repository\Clock_Temperature\source\math_fun.c
ConvertAndDisplay16BitValue   0x000202    program     extern D:\jo\Ideonics\Repository\Clock_Temperature\source\math_fun.c
ConvertAndDisplay8BitValue   0x000492    program     extern D:\jo\Ideonics\Repository\Clock_Temperature\source\math_fun.c
ConvertAndDisplay32BitValue   0x0005ce    program     extern D:\jo\Ideonics\Repository\Clock_Temperature\source\math_fun.c
                 BCDtoBin   0x000b10    program     extern D:\jo\Ideonics\Repository\Clock_Temperature\source\math_fun.c
                 BinToBCD   0x000b3e    program     extern D:\jo\Ideonics\Repository\Clock_Temperature\source\math_fun.c
ConvertUnPackedAsciiToPacked16BitHexValue   0x000b84    program     extern D:\jo\Ideonics\Repository\Clock_Temperature\source\math_fun.c
                  Int2Day   0x000c9a    program     extern D:\jo\Ideonics\Repository\Clock_Temperature\source\rtc_driver.c
                Int2Month   0x000cd2    program     extern D:\jo\Ideonics\Repository\Clock_Temperature\source\rtc_driver.c
       ReadRtcTimeAndDate   0x000d18    program     extern D:\jo\Ideonics\Repository\Clock_Temperature\source\rtc_driver.c
      WriteRtcTimeAndDate   0x000e68    program     extern D:\jo\Ideonics\Repository\Clock_Temperature\source\rtc_driver.c
              SetHourMode   0x000f74    program     extern D:\jo\Ideonics\Repository\Clock_Temperature\source\rtc_driver.c
  ConvertTime24to12Format   0x000fde    program     extern D:\jo\Ideonics\Repository\Clock_Temperature\source\rtc_driver.c
  ConvertTime12to24Format   0x00116e    program     extern D:\jo\Ideonics\Repository\Clock_Temperature\source\rtc_driver.c
  ConvertHour12to24Format   0x0012c8    program     extern D:\jo\Ideonics\Repository\Clock_Temperature\source\rtc_driver.c
          StoreSystemTime   0x00132e    program     extern D:\jo\Ideonics\Repository\Clock_Temperature\source\rtc_driver.c
          StoreSystemDate   0x001424    program     extern D:\jo\Ideonics\Repository\Clock_Temperature\source\rtc_driver.c
           StoreSystemDay   0x00151c    program     extern D:\jo\Ideonics\Repository\Clock_Temperature\source\rtc_driver.c
            InitializeRtc   0x001554    program     extern D:\jo\Ideonics\Repository\Clock_Temperature\source\rtc_driver.c
  UpdateRealTimeClockTask   0x0015a8    program     extern D:\jo\Ideonics\Repository\Clock_Temperature\source\rtc_driver.c
        DigitDisplay_init   0x0015ce    program     extern D:\jo\Ideonics\Repository\Clock_Temperature\source\digitdisplay.c
        DigitDisplay_task   0x0016ca    program     extern D:\jo\Ideonics\Repository\Clock_Temperature\source\digitdisplay.c
DigitDisplay_updateBuffer   0x001750    program     extern D:\jo\Ideonics\Repository\Clock_Temperature\source\digitdisplay.c
DigitDisplay_updateBufferBinary   0x00181a    program     extern D:\jo\Ideonics\Repository\Clock_Temperature\source\digitdisplay.c
 DigitDisplay_updateDigit   0x00186e    program     extern D:\jo\Ideonics\Repository\Clock_Temperature\source\digitdisplay.c
     DigitDisplay_blinkOn   0x0018f2    program     extern D:\jo\Ideonics\Repository\Clock_Temperature\source\digitdisplay.c
    DigitDisplay_blinkOff   0x00192a    program     extern D:\jo\Ideonics\Repository\Clock_Temperature\source\digitdisplay.c
       DigitDisplay_clear   0x001938    program     extern D:\jo\Ideonics\Repository\Clock_Temperature\source\digitdisplay.c
       writeToDisplayPort   0x00196c    program     static D:\jo\Ideonics\Repository\Clock_Temperature\source\digitdisplay.c
       DigitDisplay_DotOn   0x0019e2    program     extern D:\jo\Ideonics\Repository\Clock_Temperature\source\digitdisplay.c
                 validate   0x001a48    program     static D:\jo\Ideonics\Repository\Clock_Temperature\source\digitdisplay.c
DigitDisplay_updateBufferPartial   0x001a8c    program     extern D:\jo\Ideonics\Repository\Clock_Temperature\source\digitdisplay.c
 DigitDisplay_blinkOn_ind   0x001b6c    program     extern D:\jo\Ideonics\Repository\Clock_Temperature\source\digitdisplay.c
                 COM_init   0x001bfe    program     extern D:\jo\Ideonics\Repository\Clock_Temperature\source\communication.c
              COM_restart   0x001c34    program     extern D:\jo\Ideonics\Repository\Clock_Temperature\source\communication.c
                COM_reset   0x001c70    program     extern D:\jo\Ideonics\Repository\Clock_Temperature\source\communication.c
                 COM_task   0x001c96    program     extern D:\jo\Ideonics\Repository\Clock_Temperature\source\communication.c
              parsePacket   0x001e74    program     extern D:\jo\Ideonics\Repository\Clock_Temperature\source\communication.c
               COM_txData   0x001e88    program     extern D:\jo\Ideonics\Repository\Clock_Temperature\source\communication.c
          ___for_lbl00033   0x001ea8    program     static                          
          ___for_lbl00031   0x001ed2    program     static                          
          ___for_lbl00032   0x001ed8    program     static                          
       ___return_lbl00030   0x001ee8    program     static                          
                COM_txStr   0x001efc    program     extern D:\jo\Ideonics\Repository\Clock_Temperature\source\communication.c
                 checksum   0x001f46    program     extern D:\jo\Ideonics\Repository\Clock_Temperature\source\communication.c
             COM_txBuffer   0x001faa    program     extern D:\jo\Ideonics\Repository\Clock_Temperature\source\communication.c
                 APP_init   0x002004    program     extern D:\jo\Ideonics\Repository\Clock_Temperature\source\app.c
                 APP_task   0x002010    program     extern D:\jo\Ideonics\Repository\Clock_Temperature\source\app.c
     APP_handlePortBInput   0x002148    program     extern D:\jo\Ideonics\Repository\Clock_Temperature\source\app.c
           APP_conversion   0x0021e4    program     extern D:\jo\Ideonics\Repository\Clock_Temperature\source\app.c
   APP_resetDisplayBuffer   0x002210    program     extern D:\jo\Ideonics\Repository\Clock_Temperature\source\app.c
            APP_updateRTC   0x00226a    program     extern D:\jo\Ideonics\Repository\Clock_Temperature\source\app.c
          APP_comCallBack   0x0022a4    program     extern D:\jo\Ideonics\Repository\Clock_Temperature\source\app.c
       UartReceiveHandler   0x002358    program     extern D:\jo\Ideonics\Repository\Clock_Temperature\source\uart.c
      UartTransmitHandler   0x002422    program     extern D:\jo\Ideonics\Repository\Clock_Temperature\source\uart.c
                UART_init   0x00249a    program     extern D:\jo\Ideonics\Repository\Clock_Temperature\source\uart.c
               UART_write   0x002562    program     extern D:\jo\Ideonics\Repository\Clock_Temperature\source\uart.c
            UART_transmit   0x00259a    program     extern D:\jo\Ideonics\Repository\Clock_Temperature\source\uart.c
             UART_hasData   0x00261c    program     extern D:\jo\Ideonics\Repository\Clock_Temperature\source\uart.c
                UART_read   0x002656    program     extern D:\jo\Ideonics\Repository\Clock_Temperature\source\uart.c
                 TMR0_ISR   0x0026a6    program     extern D:\jo\Ideonics\Repository\Clock_Temperature\source\timer.c
                 TMR1_ISR   0x002790    program     extern D:\jo\Ideonics\Repository\Clock_Temperature\source\timer.c
                TMR0_init   0x00284a    program     extern D:\jo\Ideonics\Repository\Clock_Temperature\source\timer.c
                TMR1_init   0x002890    program     extern D:\jo\Ideonics\Repository\Clock_Temperature\source\timer.c
               GetAppTime   0x0028d8    program     extern D:\jo\Ideonics\Repository\Clock_Temperature\source\timer.c
             ResetAppTime   0x002928    program     extern D:\jo\Ideonics\Repository\Clock_Temperature\source\timer.c
            InitializeI2C   0x002938    program     extern D:\jo\Ideonics\Repository\Clock_Temperature\source\i2c_driver.c
                 StartI2C   0x002950    program     extern D:\jo\Ideonics\Repository\Clock_Temperature\source\i2c_driver.c
                  StopI2C   0x00297c    program     extern D:\jo\Ideonics\Repository\Clock_Temperature\source\i2c_driver.c
                 ResetI2C   0x00299c    program     extern D:\jo\Ideonics\Repository\Clock_Temperature\source\i2c_driver.c
                 WriteI2C   0x0029d8    program     extern D:\jo\Ideonics\Repository\Clock_Temperature\source\i2c_driver.c
                  ReadI2C   0x002a66    program     extern D:\jo\Ideonics\Repository\Clock_Temperature\source\i2c_driver.c
              ReadByteI2C   0x002b08    program     extern D:\jo\Ideonics\Repository\Clock_Temperature\source\i2c_driver.c
             WriteByteI2C   0x002b4c    program     extern D:\jo\Ideonics\Repository\Clock_Temperature\source\i2c_driver.c
         extInterruptInit   0x002b7e    program     extern D:\jo\Ideonics\Repository\Clock_Temperature\source\externInterrupts.c
      extInterruptHandler   0x002b92    program     extern D:\jo\Ideonics\Repository\Clock_Temperature\source\externInterrupts.c
       portBInterruptInit   0x002c54    program     extern D:\jo\Ideonics\Repository\Clock_Temperature\source\portBInterrupts.c
    portBInterruptHandler   0x002c6c    program     extern D:\jo\Ideonics\Repository\Clock_Temperature\source\portBInterrupts.c
                     main   0x002d14    program     extern D:\jo\Ideonics\Repository\Clock_Temperature\source\main.c
                _do_cinit   0x002dd4    program     extern E:\c18v3.46\pic18-lt\cxx-framework\src\traditional\startup\c018i.c
                     test   0x002dee    program     static                          
                copy_loop   0x002e46    program     static                          
            copy_one_byte   0x002e4c    program     static                          
             done_copying   0x002e5a    program     static                          
       ___return_lbl00002   0x002e70    program     static                          
                     done   0x002e70    program     static                          
                OpenUSART   0x002e72    program     extern E:\c18v3.46\pic18-lt\cxx-framework\src\pmc_common\USART\uopen.c
              __string_18   0x002efc    program     static D:\jo\Ideonics\Repository\Clock_Temperature\source\rtc_driver.c
              __string_17   0x002f00    program     static D:\jo\Ideonics\Repository\Clock_Temperature\source\rtc_driver.c
              __string_16   0x002f04    program     static D:\jo\Ideonics\Repository\Clock_Temperature\source\rtc_driver.c
              __string_15   0x002f08    program     static D:\jo\Ideonics\Repository\Clock_Temperature\source\rtc_driver.c
              __string_14   0x002f0c    program     static D:\jo\Ideonics\Repository\Clock_Temperature\source\rtc_driver.c
              __string_13   0x002f10    program     static D:\jo\Ideonics\Repository\Clock_Temperature\source\rtc_driver.c
              __string_12   0x002f14    program     static D:\jo\Ideonics\Repository\Clock_Temperature\source\rtc_driver.c
              __string_11   0x002f18    program     static D:\jo\Ideonics\Repository\Clock_Temperature\source\rtc_driver.c
              __string_10   0x002f1c    program     static D:\jo\Ideonics\Repository\Clock_Temperature\source\rtc_driver.c
               __string_9   0x002f20    program     static D:\jo\Ideonics\Repository\Clock_Temperature\source\rtc_driver.c
               __string_8   0x002f24    program     static D:\jo\Ideonics\Repository\Clock_Temperature\source\rtc_driver.c
               __string_7   0x002f28    program     static D:\jo\Ideonics\Repository\Clock_Temperature\source\rtc_driver.c
[...]
                    TRISD   0x000f95       data     extern E:\c18v3.46\pic18-lt\cxx-framework\src\traditional\proc\p18f4520.asm
                     DDRD   0x000f95       data     extern E:\c18v3.46\pic18-lt\cxx-framework\src\traditional\proc\p18f4520.asm
                 DDRDbits   0x000f95       data     extern E:\c18v3.46\pic18-lt\cxx-framework\src\traditional\proc\p18f4520.asm
                TRISEbits   0x000f96       data     extern E:\c18v3.46\pic18-lt\cxx-framework\src\traditional\proc\p18f4520.asm
                    TRISE   0x000f96       data     extern E:\c18v3.46\pic18-lt\cxx-framework\src\traditional\proc\p18f4520.asm
                     DDRE   0x000f96       data     extern E:\c18v3.46\pic18-lt\cxx-framework\src\traditional\proc\p18f4520.asm
                 DDREbits   0x000f96       data     extern E:\c18v3.46\pic18-lt\cxx-framework\src\traditional\proc\p18f4520.asm
                  OSCTUNE   0x000f9b       data     extern E:\c18v3.46\pic18-lt\cxx-framework\src\traditional\proc\p18f4520.asm
              OSCTUNEbits   0x000f9b       data     extern E:\c18v3.46\pic18-lt\cxx-framework\src\traditional\proc\p18f4520.asm
                 PIE1bits   0x000f9d       data     extern E:\c18v3.46\pic18-lt\cxx-framework\src\traditional\proc\p18f4520.asm
                     PIE1   0x000f9d       data     extern E:\c18v3.46\pic18-lt\cxx-framework\src\traditional\proc\p18f4520.asm
                     PIR1   0x000f9e       data     extern E:\c18v3.46\pic18-lt\cxx-framework\src\traditional\proc\p18f4520.asm
                 PIR1bits   0x000f9e       data     extern E:\c18v3.46\pic18-lt\cxx-framework\src\traditional\proc\p18f4520.asm
                     IPR1   0x000f9f       data     extern E:\c18v3.46\pic18-lt\cxx-framework\src\traditional\proc\p18f4520.asm
                 IPR1bits   0x000f9f       data     extern E:\c18v3.46\pic18-lt\cxx-framework\src\traditional\proc\p18f4520.asm
                     PIE2   0x000fa0       data     extern E:\c18v3.46\pic18-lt\cxx-framework\src\traditional\proc\p18f4520.asm
                 PIE2bits   0x000fa0       data     extern E:\c18v3.46\pic18-lt\cxx-framework\src\traditional\proc\p18f4520.asm
                 PIR2bits   0x000fa1       data     extern E:\c18v3.46\pic18-lt\cxx-framework\src\traditional\proc\p18f4520.asm
                     PIR2   0x000fa1       data     extern E:\c18v3.46\pic18-lt\cxx-framework\src\traditional\proc\p18f4520.asm
                     IPR2   0x000fa2       data     extern E:\c18v3.46\pic18-lt\cxx-framework\src\traditional\proc\p18f4520.asm
                 IPR2bits   0x000fa2       data     extern E:\c18v3.46\pic18-lt\cxx-framework\src\traditional\proc\p18f4520.asm
                   EECON1   0x000fa6       data     extern E:\c18v3.46\pic18-lt\cxx-framework\src\traditional\proc\p18f4520.asm
               EECON1bits   0x000fa6       data     extern E:\c18v3.46\pic18-lt\cxx-framework\src\traditional\proc\p18f4520.asm
                   EECON2   0x000fa7       data     extern E:\c18v3.46\pic18-lt\cxx-framework\src\traditional\proc\p18f4520.asm
                   EEDATA   0x000fa8       data     extern E:\c18v3.46\pic18-lt\cxx-framework\src\traditional\proc\p18f4520.asm
                    EEADR   0x000fa9       data     extern E:\c18v3.46\pic18-lt\cxx-framework\src\traditional\proc\p18f4520.asm
                    RCSTA   0x000fab       data     extern E:\c18v3.46\pic18-lt\cxx-framework\src\traditional\proc\p18f4520.asm
                RCSTAbits   0x000fab       data     extern E:\c18v3.46\pic18-lt\cxx-framework\src\traditional\proc\p18f4520.asm
                    TXSTA   0x000fac       data     extern E:\c18v3.46\pic18-lt\cxx-framework\src\traditional\proc\p18f4520.asm
                TXSTAbits   0x000fac       data     extern E:\c18v3.46\pic18-lt\cxx-framework\src\traditional\proc\p18f4520.asm
                    TXREG   0x000fad       data     extern E:\c18v3.46\pic18-lt\cxx-framework\src\traditional\proc\p18f4520.asm
                    RCREG   0x000fae       data     extern E:\c18v3.46\pic18-lt\cxx-framework\src\traditional\proc\p18f4520.asm
                    SPBRG   0x000faf       data     extern E:\c18v3.46\pic18-lt\cxx-framework\src\traditional\proc\p18f4520.asm
                   SPBRGH   0x000fb0       data     extern E:\c18v3.46\pic18-lt\cxx-framework\src\traditional\proc\p18f4520.asm
                T3CONbits   0x000fb1       data     extern E:\c18v3.46\pic18-lt\cxx-framework\src\traditional\proc\p18f4520.asm
                    T3CON   0x000fb1       data     extern E:\c18v3.46\pic18-lt\cxx-framework\src\traditional\proc\p18f4520.asm
                    TMR3L   0x000fb2       data     extern E:\c18v3.46\pic18-lt\cxx-framework\src\traditional\proc\p18f4520.asm
                    TMR3H   0x000fb3       data     extern E:\c18v3.46\pic18-lt\cxx-framework\src\traditional\proc\p18f4520.asm
                CMCONbits   0x000fb4       data     extern E:\c18v3.46\pic18-lt\cxx-framework\src\traditional\proc\p18f4520.asm
                    CMCON   0x000fb4       data     extern E:\c18v3.46\pic18-lt\cxx-framework\src\traditional\proc\p18f4520.asm
               CVRCONbits   0x000fb5       data     extern E:\c18v3.46\pic18-lt\cxx-framework\src\traditional\proc\p18f4520.asm
                   CVRCON   0x000fb5       data     extern E:\c18v3.46\pic18-lt\cxx-framework\src\traditional\proc\p18f4520.asm
               ECCPASbits   0x000fb6       data     extern E:\c18v3.46\pic18-lt\cxx-framework\src\traditional\proc\p18f4520.asm
                   ECCPAS   0x000fb6       data     extern E:\c18v3.46\pic18-lt\cxx-framework\src\traditional\proc\p18f4520.asm
              ECCP1ASbits   0x000fb6       data     extern E:\c18v3.46\pic18-lt\cxx-framework\src\traditional\proc\p18f4520.asm
                  ECCP1AS   0x000fb6       data     extern E:\c18v3.46\pic18-lt\cxx-framework\src\traditional\proc\p18f4520.asm
             ECCP1DELbits   0x000fb7       data     extern E:\c18v3.46\pic18-lt\cxx-framework\src\traditional\proc\p18f4520.asm
                 ECCP1DEL   0x000fb7       data     extern E:\c18v3.46\pic18-lt\cxx-framework\src\traditional\proc\p18f4520.asm
                  PWM1CON   0x000fb7       data     extern E:\c18v3.46\pic18-lt\cxx-framework\src\traditional\proc\p18f4520.asm
              PWM1CONbits   0x000fb7       data     extern E:\c18v3.46\pic18-lt\cxx-framework\src\traditional\proc\p18f4520.asm
              BAUDCTLbits   0x000fb8       data     extern E:\c18v3.46\pic18-lt\cxx-framework\src\traditional\proc\p18f4520.asm
                  BAUDCTL   0x000fb8       data     extern E:\c18v3.46\pic18-lt\cxx-framework\src\traditional\proc\p18f4520.asm
              BAUDCONbits   0x000fb8       data     extern E:\c18v3.46\pic18-lt\cxx-framework\src\traditional\proc\p18f4520.asm
                  BAUDCON   0x000fb8       data     extern E:\c18v3.46\pic18-lt\cxx-framework\src\traditional\proc\p18f4520.asm
                  CCP2CON   0x000fba       data     extern E:\c18v3.46\pic18-lt\cxx-framework\src\traditional\proc\p18f4520.asm
              CCP2CONbits   0x000fba       data     extern E:\c18v3.46\pic18-lt\cxx-framework\src\traditional\proc\p18f4520.asm
                    CCPR2   0x000fbb       data     extern E:\c18v3.46\pic18-lt\cxx-framework\src\traditional\proc\p18f4520.asm
                   CCPR2L   0x000fbb       data     extern E:\c18v3.46\pic18-lt\cxx-framework\src\traditional\proc\p18f4520.asm
                   CCPR2H   0x000fbc       data     extern E:\c18v3.46\pic18-lt\cxx-framework\src\traditional\proc\p18f4520.asm
                  CCP1CON   0x000fbd       data     extern E:\c18v3.46\pic18-lt\cxx-framework\src\traditional\proc\p18f4520.asm
              CCP1CONbits   0x000fbd       data     extern E:\c18v3.46\pic18-lt\cxx-framework\src\traditional\proc\p18f4520.asm
                   CCPR1L   0x000fbe       data     extern E:\c18v3.46\pic18-lt\cxx-framework\src\traditional\proc\p18f4520.asm
                    CCPR1   0x000fbe       data     extern E:\c18v3.46\pic18-lt\cxx-framework\src\traditional\proc\p18f4520.asm
                   CCPR1H   0x000fbf       data     extern E:\c18v3.46\pic18-lt\cxx-framework\src\traditional\proc\p18f4520.asm
                   ADCON2   0x000fc0       data     extern E:\c18v3.46\pic18-lt\cxx-framework\src\traditional\proc\p18f4520.asm
               ADCON2bits   0x000fc0       data     extern E:\c18v3.46\pic18-lt\cxx-framework\src\traditional\proc\p18f4520.asm
                   ADCON1   0x000fc1       data     extern E:\c18v3.46\pic18-lt\cxx-framework\src\traditional\proc\p18f4520.asm
               ADCON1bits   0x000fc1       data     extern E:\c18v3.46\pic18-lt\cxx-framework\src\traditional\proc\p18f4520.asm
                   ADCON0   0x000fc2       data     extern E:\c18v3.46\pic18-lt\cxx-framework\src\traditional\proc\p18f4520.asm
               ADCON0bits   0x000fc2       data     extern E:\c18v3.46\pic18-lt\cxx-framework\src\traditional\proc\p18f4520.asm
                    ADRES   0x000fc3       data     extern E:\c18v3.46\pic18-lt\cxx-framework\src\traditional\proc\p18f4520.asm
                   ADRESL   0x000fc3       data     extern E:\c18v3.46\pic18-lt\cxx-framework\src\traditional\proc\p18f4520.asm
                   ADRESH   0x000fc4       data     extern E:\c18v3.46\pic18-lt\cxx-framework\src\traditional\proc\p18f4520.asm
                  SSPCON2   0x000fc5       data     extern E:\c18v3.46\pic18-lt\cxx-framework\src\traditional\proc\p18f4520.asm
              SSPCON2bits   0x000fc5       data     extern E:\c18v3.46\pic18-lt\cxx-framework\src\traditional\proc\p18f4520.asm
                  SSPCON1   0x000fc6       data     extern E:\c18v3.46\pic18-lt\cxx-framework\src\traditional\proc\p18f4520.asm
              SSPCON1bits   0x000fc6       data     extern E:\c18v3.46\pic18-lt\cxx-framework\src\traditional\proc\p18f4520.asm
                  SSPSTAT   0x000fc7       data     extern E:\c18v3.46\pic18-lt\cxx-framework\src\traditional\proc\p18f4520.asm
              SSPSTATbits   0x000fc7       data     extern E:\c18v3.46\pic18-lt\cxx-framework\src\traditional\proc\p18f4520.asm
                   SSPADD   0x000fc8       data     extern E:\c18v3.46\pic18-lt\cxx-framework\src\traditional\proc\p18f4520.asm
                   SSPBUF   0x000fc9       data     extern E:\c18v3.46\pic18-lt\cxx-framework\src\traditional\proc\p18f4520.asm
                T2CONbits   0x000fca       data     extern E:\c18v3.46\pic18-lt\cxx-framework\src\traditional\proc\p18f4520.asm
                    T2CON   0x000fca       data     extern E:\c18v3.46\pic18-lt\cxx-framework\src\traditional\proc\p18f4520.asm
                      PR2   0x000fcb       data     extern E:\c18v3.46\pic18-lt\cxx-framework\src\traditional\proc\p18f4520.asm
                     TMR2   0x000fcc       data     extern E:\c18v3.46\pic18-lt\cxx-framework\src\traditional\proc\p18f4520.asm
                T1CONbits   0x000fcd       data     extern E:\c18v3.46\pic18-lt\cxx-framework\src\traditional\proc\p18f4520.asm
                    T1CON   0x000fcd       data     extern E:\c18v3.46\pic18-lt\cxx-framework\src\traditional\proc\p18f4520.asm
                    TMR1L   0x000fce       data     extern E:\c18v3.46\pic18-lt\cxx-framework\src\traditional\proc\p18f4520.asm
                    TMR1H   0x000fcf       data     extern E:\c18v3.46\pic18-lt\cxx-framework\src\traditional\proc\p18f4520.asm
                     RCON   0x000fd0       data     extern E:\c18v3.46\pic18-lt\cxx-framework\src\traditional\proc\p18f4520.asm
                 RCONbits   0x000fd0       data     extern E:\c18v3.46\pic18-lt\cxx-framework\src\traditional\proc\p18f4520.asm
                   WDTCON   0x000fd1       data     extern E:\c18v3.46\pic18-lt\cxx-framework\src\traditional\proc\p18f4520.asm
               WDTCONbits   0x000fd1       data     extern E:\c18v3.46\pic18-lt\cxx-framework\src\traditional\proc\p18f4520.asm
               LVDCONbits   0x000fd2       data     extern E:\c18v3.46\pic18-lt\cxx-framework\src\traditional\proc\p18f4520.asm
                   LVDCON   0x000fd2       data     extern E:\c18v3.46\pic18-lt\cxx-framework\src\traditional\proc\p18f4520.asm
              HLVDCONbits   0x000fd2       data     extern E:\c18v3.46\pic18-lt\cxx-framework\src\traditional\proc\p18f4520.asm
                  HLVDCON   0x000fd2       data     extern E:\c18v3.46\pic18-lt\cxx-framework\src\traditional\proc\p18f4520.asm
               OSCCONbits   0x000fd3       data     extern E:\c18v3.46\pic18-lt\cxx-framework\src\traditional\proc\p18f4520.asm
                   OSCCON   0x000fd3       data     extern E:\c18v3.46\pic18-lt\cxx-framework\src\traditional\proc\p18f4520.asm
                T0CONbits   0x000fd5       data     extern E:\c18v3.46\pic18-lt\cxx-framework\src\traditional\proc\p18f4520.asm
                    T0CON   0x000fd5       data     extern E:\c18v3.46\pic18-lt\cxx-framework\src\traditional\proc\p18f4520.asm
                    TMR0L   0x000fd6       data     extern E:\c18v3.46\pic18-lt\cxx-framework\src\traditional\proc\p18f4520.asm
                    TMR0H   0x000fd7       data     extern E:\c18v3.46\pic18-lt\cxx-framework\src\traditional\proc\p18f4520.asm
               STATUSbits   0x000fd8       data     extern E:\c18v3.46\pic18-lt\cxx-framework\src\traditional\proc\p18f4520.asm
                   STATUS   0x000fd8       data     extern E:\c18v3.46\pic18-lt\cxx-framework\src\traditional\proc\p18f4520.asm
                     FSR2   0x000fd9       data     extern E:\c18v3.46\pic18-lt\cxx-framework\src\traditional\proc\p18f4520.asm
                    FSR2L   0x000fd9       data     extern E:\c18v3.46\pic18-lt\cxx-framework\src\traditional\proc\p18f4520.asm
                    FSR2H   0x000fda       data     extern E:\c18v3.46\pic18-lt\cxx-framework\src\traditional\proc\p18f4520.asm
                   PLUSW2   0x000fdb       data     extern E:\c18v3.46\pic18-lt\cxx-framework\src\traditional\proc\p18f4520.asm
                  PREINC2   0x000fdc       data     extern E:\c18v3.46\pic18-lt\cxx-framework\src\traditional\proc\p18f4520.asm
                 POSTDEC2   0x000fdd       data     extern E:\c18v3.46\pic18-lt\cxx-framework\src\traditional\proc\p18f4520.asm
                 POSTINC2   0x000fde       data     extern E:\c18v3.46\pic18-lt\cxx-framework\src\traditional\proc\p18f4520.asm
                    INDF2   0x000fdf       data     extern E:\c18v3.46\pic18-lt\cxx-framework\src\traditional\proc\p18f4520.asm
                      BSR   0x000fe0       data     extern E:\c18v3.46\pic18-lt\cxx-framework\src\traditional\proc\p18f4520.asm
                     FSR1   0x000fe1       data     extern E:\c18v3.46\pic18-lt\cxx-framework\src\traditional\proc\p18f4520.asm
                    FSR1L   0x000fe1       data     extern E:\c18v3.46\pic18-lt\cxx-framework\src\traditional\proc\p18f4520.asm
                    FSR1H   0x000fe2       data     extern E:\c18v3.46\pic18-lt\cxx-framework\src\traditional\proc\p18f4520.asm
                   PLUSW1   0x000fe3       data     extern E:\c18v3.46\pic18-lt\cxx-framework\src\traditional\proc\p18f4520.asm
                  PREINC1   0x000fe4       data     extern E:\c18v3.46\pic18-lt\cxx-framework\src\traditional\proc\p18f4520.asm
                 POSTDEC1   0x000fe5       data     extern E:\c18v3.46\pic18-lt\cxx-framework\src\traditional\proc\p18f4520.asm
                 POSTINC1   0x000fe6       data     extern E:\c18v3.46\pic18-lt\cxx-framework\src\traditional\proc\p18f4520.asm
                    INDF1   0x000fe7       data     extern E:\c18v3.46\pic18-lt\cxx-framework\src\traditional\proc\p18f4520.asm
                     WREG   0x000fe8       data     extern E:\c18v3.46\pic18-lt\cxx-framework\src\traditional\proc\p18f4520.asm
                        W   0x000fe8       data     extern E:\c18v3.46\pic18-lt\cxx-framework\src\traditional\proc\p18f4520.asm
                     FSR0   0x000fe9       data     extern E:\c18v3.46\pic18-lt\cxx-framework\src\traditional\proc\p18f4520.asm
                    FSR0L   0x000fe9       data     extern E:\c18v3.46\pic18-lt\cxx-framework\src\traditional\proc\p18f4520.asm
                    FSR0H   0x000fea       data     extern E:\c18v3.46\pic18-lt\cxx-framework\src\traditional\proc\p18f4520.asm
                   PLUSW0   0x000feb       data     extern E:\c18v3.46\pic18-lt\cxx-framework\src\traditional\proc\p18f4520.asm
                  PREINC0   0x000fec       data     extern E:\c18v3.46\pic18-lt\cxx-framework\src\traditional\proc\p18f4520.asm
                 POSTDEC0   0x000fed       data     extern E:\c18v3.46\pic18-lt\cxx-framework\src\traditional\proc\p18f4520.asm
                 POSTINC0   0x000fee       data     extern E:\c18v3.46\pic18-lt\cxx-framework\src\traditional\proc\p18f4520.asm
                    INDF0   0x000fef       data     extern E:\c18v3.46\pic18-lt\cxx-framework\src\traditional\proc\p18f4520.asm
              INTCON3bits   0x000ff0       data     extern E:\c18v3.46\pic18-lt\cxx-framework\src\traditional\proc\p18f4520.asm
                  INTCON3   0x000ff0       data     extern E:\c18v3.46\pic18-lt\cxx-framework\src\traditional\proc\p18f4520.asm
              INTCON2bits   0x000ff1       data     extern E:\c18v3.46\pic18-lt\cxx-framework\src\traditional\proc\p18f4520.asm
                  INTCON2   0x000ff1       data     extern E:\c18v3.46\pic18-lt\cxx-framework\src\traditional\proc\p18f4520.asm
               INTCONbits   0x000ff2       data     extern E:\c18v3.46\pic18-lt\cxx-framework\src\traditional\proc\p18f4520.asm
                   INTCON   0x000ff2       data     extern E:\c18v3.46\pic18-lt\cxx-framework\src\traditional\proc\p18f4520.asm
                    PRODL   0x000ff3       data     extern E:\c18v3.46\pic18-lt\cxx-framework\src\traditional\proc\p18f4520.asm
                     PROD   0x000ff3       data     extern E:\c18v3.46\pic18-lt\cxx-framework\src\traditional\proc\p18f4520.asm
                    PRODH   0x000ff4       data     extern E:\c18v3.46\pic18-lt\cxx-framework\src\traditional\proc\p18f4520.asm
                   TABLAT   0x000ff5       data     extern E:\c18v3.46\pic18-lt\cxx-framework\src\traditional\proc\p18f4520.asm
                  TBLPTRL   0x000ff6       data     extern E:\c18v3.46\pic18-lt\cxx-framework\src\traditional\proc\p18f4520.asm
                   TBLPTR   0x000ff6       data     extern E:\c18v3.46\pic18-lt\cxx-framework\src\traditional\proc\p18f4520.asm
                  TBLPTRH   0x000ff7       data     extern E:\c18v3.46\pic18-lt\cxx-framework\src\traditional\proc\p18f4520.asm
                  TBLPTRU   0x000ff8       data     extern E:\c18v3.46\pic18-lt\cxx-framework\src\traditional\proc\p18f4520.asm
                      PCL   0x000ff9       data     extern E:\c18v3.46\pic18-lt\cxx-framework\src\traditional\proc\p18f4520.asm
                       PC   0x000ff9       data     extern E:\c18v3.46\pic18-lt\cxx-framework\src\traditional\proc\p18f4520.asm
                   PCLATH   0x000ffa       data     extern E:\c18v3.46\pic18-lt\cxx-framework\src\traditional\proc\p18f4520.asm
                   PCLATU   0x000ffb       data     extern E:\c18v3.46\pic18-lt\cxx-framework\src\traditional\proc\p18f4520.asm
                   STKPTR   0x000ffc       data     extern E:\c18v3.46\pic18-lt\cxx-framework\src\traditional\proc\p18f4520.asm
               STKPTRbits   0x000ffc       data     extern E:\c18v3.46\pic18-lt\cxx-framework\src\traditional\proc\p18f4520.asm
                      TOS   0x000ffd       data     extern E:\c18v3.46\pic18-lt\cxx-framework\src\traditional\proc\p18f4520.asm
                     TOSL   0x000ffd       data     extern E:\c18v3.46\pic18-lt\cxx-framework\src\traditional\proc\p18f4520.asm
                     TOSH   0x000ffe       data     extern E:\c18v3.46\pic18-lt\cxx-framework\src\traditional\proc\p18f4520.asm
                     TOSU   0x000fff       data     extern E:\c18v3.46\pic18-lt\cxx-framework\src\traditional\proc\p18f4520.asm


